Archive member included to satisfy reference by file (symbol)

d:/program files (x86)/gnu arm embedded toolchain/10 2021.07/bin/../lib/gcc/arm-none-eabi/10.3.1/../../../../arm-none-eabi/lib/thumb/v7e-m+fp/hard\libc_nano.a(lib_a-exit.o)
                              d:/program files (x86)/gnu arm embedded toolchain/10 2021.07/bin/../lib/gcc/arm-none-eabi/10.3.1/../../../../arm-none-eabi/lib/thumb/v7e-m+fp/hard/crt0.o (exit)
d:/program files (x86)/gnu arm embedded toolchain/10 2021.07/bin/../lib/gcc/arm-none-eabi/10.3.1/../../../../arm-none-eabi/lib/thumb/v7e-m+fp/hard\libc_nano.a(lib_a-impure.o)
                              d:/program files (x86)/gnu arm embedded toolchain/10 2021.07/bin/../lib/gcc/arm-none-eabi/10.3.1/../../../../arm-none-eabi/lib/thumb/v7e-m+fp/hard\libc_nano.a(lib_a-exit.o) (_global_impure_ptr)
d:/program files (x86)/gnu arm embedded toolchain/10 2021.07/bin/../lib/gcc/arm-none-eabi/10.3.1/../../../../arm-none-eabi/lib/thumb/v7e-m+fp/hard\libc_nano.a(lib_a-init.o)
                              d:/program files (x86)/gnu arm embedded toolchain/10 2021.07/bin/../lib/gcc/arm-none-eabi/10.3.1/../../../../arm-none-eabi/lib/thumb/v7e-m+fp/hard/crt0.o (__libc_init_array)
d:/program files (x86)/gnu arm embedded toolchain/10 2021.07/bin/../lib/gcc/arm-none-eabi/10.3.1/../../../../arm-none-eabi/lib/thumb/v7e-m+fp/hard\libc_nano.a(lib_a-memcpy-stub.o)
                              build/SEGGER_RTT.o (memcpy)
d:/program files (x86)/gnu arm embedded toolchain/10 2021.07/bin/../lib/gcc/arm-none-eabi/10.3.1/../../../../arm-none-eabi/lib/thumb/v7e-m+fp/hard\libc_nano.a(lib_a-memset.o)
                              d:/program files (x86)/gnu arm embedded toolchain/10 2021.07/bin/../lib/gcc/arm-none-eabi/10.3.1/../../../../arm-none-eabi/lib/thumb/v7e-m+fp/hard/crt0.o (memset)
d:/program files (x86)/gnu arm embedded toolchain/10 2021.07/bin/../lib/gcc/arm-none-eabi/10.3.1/../../../../arm-none-eabi/lib/thumb/v7e-m+fp/hard\libc_nano.a(lib_a-strlen.o)
                              build/SEGGER_RTT.o (strlen)
d:/program files (x86)/gnu arm embedded toolchain/10 2021.07/bin/../lib/gcc/arm-none-eabi/10.3.1/../../../../arm-none-eabi/lib/thumb/v7e-m+fp/hard\libnosys.a(_exit.o)
                              d:/program files (x86)/gnu arm embedded toolchain/10 2021.07/bin/../lib/gcc/arm-none-eabi/10.3.1/../../../../arm-none-eabi/lib/thumb/v7e-m+fp/hard\libc_nano.a(lib_a-exit.o) (_exit)
d:/program files (x86)/gnu arm embedded toolchain/10 2021.07/bin/../lib/gcc/arm-none-eabi/10.3.1/thumb/v7e-m+fp/hard\libgcc.a(_aeabi_uldivmod.o)
                              build/stm32f4xx_hal_rcc.o (__aeabi_uldivmod)
d:/program files (x86)/gnu arm embedded toolchain/10 2021.07/bin/../lib/gcc/arm-none-eabi/10.3.1/thumb/v7e-m+fp/hard\libgcc.a(_udivmoddi4.o)
                              d:/program files (x86)/gnu arm embedded toolchain/10 2021.07/bin/../lib/gcc/arm-none-eabi/10.3.1/thumb/v7e-m+fp/hard\libgcc.a(_aeabi_uldivmod.o) (__udivmoddi4)
d:/program files (x86)/gnu arm embedded toolchain/10 2021.07/bin/../lib/gcc/arm-none-eabi/10.3.1/thumb/v7e-m+fp/hard\libgcc.a(_dvmd_tls.o)
                              d:/program files (x86)/gnu arm embedded toolchain/10 2021.07/bin/../lib/gcc/arm-none-eabi/10.3.1/thumb/v7e-m+fp/hard\libgcc.a(_aeabi_uldivmod.o) (__aeabi_ldiv0)

Discarded input sections

 .text          0x00000000        0x0 d:/program files (x86)/gnu arm embedded toolchain/10 2021.07/bin/../lib/gcc/arm-none-eabi/10.3.1/thumb/v7e-m+fp/hard/crti.o
 .data          0x00000000        0x0 d:/program files (x86)/gnu arm embedded toolchain/10 2021.07/bin/../lib/gcc/arm-none-eabi/10.3.1/thumb/v7e-m+fp/hard/crti.o
 .bss           0x00000000        0x0 d:/program files (x86)/gnu arm embedded toolchain/10 2021.07/bin/../lib/gcc/arm-none-eabi/10.3.1/thumb/v7e-m+fp/hard/crti.o
 .data          0x00000000        0x4 d:/program files (x86)/gnu arm embedded toolchain/10 2021.07/bin/../lib/gcc/arm-none-eabi/10.3.1/thumb/v7e-m+fp/hard/crtbegin.o
 .rodata        0x00000000       0x24 d:/program files (x86)/gnu arm embedded toolchain/10 2021.07/bin/../lib/gcc/arm-none-eabi/10.3.1/thumb/v7e-m+fp/hard/crtbegin.o
 .text          0x00000000       0x7c d:/program files (x86)/gnu arm embedded toolchain/10 2021.07/bin/../lib/gcc/arm-none-eabi/10.3.1/../../../../arm-none-eabi/lib/thumb/v7e-m+fp/hard/crt0.o
 .data          0x00000000        0x0 d:/program files (x86)/gnu arm embedded toolchain/10 2021.07/bin/../lib/gcc/arm-none-eabi/10.3.1/../../../../arm-none-eabi/lib/thumb/v7e-m+fp/hard/crt0.o
 .bss           0x00000000        0x0 d:/program files (x86)/gnu arm embedded toolchain/10 2021.07/bin/../lib/gcc/arm-none-eabi/10.3.1/../../../../arm-none-eabi/lib/thumb/v7e-m+fp/hard/crt0.o
 .ARM.extab     0x00000000        0x0 d:/program files (x86)/gnu arm embedded toolchain/10 2021.07/bin/../lib/gcc/arm-none-eabi/10.3.1/../../../../arm-none-eabi/lib/thumb/v7e-m+fp/hard/crt0.o
[...]
Memory Configuration

Name             Origin             Length             Attributes
RAM              0x20000000         0x00020000         xrw
CCMRAM           0x10000000         0x00010000         xrw
FLASH            0x08000000         0x00080000         xr
*default*        0x00000000         0xffffffff

Linker script and memory map

LOAD d:/program files (x86)/gnu arm embedded toolchain/10 2021.07/bin/../lib/gcc/arm-none-eabi/10.3.1/thumb/v7e-m+fp/hard/crti.o
LOAD d:/program files (x86)/gnu arm embedded toolchain/10 2021.07/bin/../lib/gcc/arm-none-eabi/10.3.1/thumb/v7e-m+fp/hard/crtbegin.o
LOAD d:/program files (x86)/gnu arm embedded toolchain/10 2021.07/bin/../lib/gcc/arm-none-eabi/10.3.1/../../../../arm-none-eabi/lib/thumb/v7e-m+fp/hard/crt0.o
LOAD build/main.o
LOAD build/gpio.o
LOAD build/stm32f4xx_it.o
LOAD build/stm32f4xx_hal_msp.o
LOAD build/usb_device.o
LOAD build/usbd_desc.o
LOAD build/usbd_cdc_if.o
LOAD build/usbd_conf.o
LOAD build/stm32f4xx_hal_pcd.o
LOAD build/stm32f4xx_hal_pcd_ex.o
LOAD build/stm32f4xx_ll_usb.o
LOAD build/stm32f4xx_hal_rcc.o
LOAD build/stm32f4xx_hal_rcc_ex.o
LOAD build/stm32f4xx_hal_flash.o
LOAD build/stm32f4xx_hal_flash_ex.o
LOAD build/stm32f4xx_hal_flash_ramfunc.o
LOAD build/stm32f4xx_hal_gpio.o
LOAD build/stm32f4xx_hal_dma_ex.o
LOAD build/stm32f4xx_hal_dma.o
LOAD build/stm32f4xx_hal_pwr.o
LOAD build/stm32f4xx_hal_pwr_ex.o
LOAD build/stm32f4xx_hal_cortex.o
LOAD build/stm32f4xx_hal.o
LOAD build/stm32f4xx_hal_exti.o
LOAD build/stm32f4xx_hal_tim.o
LOAD build/stm32f4xx_hal_tim_ex.o
LOAD build/system_stm32f4xx.o
LOAD build/usbd_core.o
LOAD build/usbd_ctlreq.o
LOAD build/usbd_ioreq.o
LOAD build/usbd_cdc.o
LOAD build/SEGGER_RTT_printf.o
LOAD build/SEGGER_RTT.o
LOAD build/startup_stm32f407xx.o
LOAD d:/program files (x86)/gnu arm embedded toolchain/10 2021.07/bin/../lib/gcc/arm-none-eabi/10.3.1/../../../../arm-none-eabi/lib/thumb/v7e-m+fp/hard\libc_nano.a
LOAD d:/program files (x86)/gnu arm embedded toolchain/10 2021.07/bin/../lib/gcc/arm-none-eabi/10.3.1/../../../../arm-none-eabi/lib/thumb/v7e-m+fp/hard\libm.a
LOAD d:/program files (x86)/gnu arm embedded toolchain/10 2021.07/bin/../lib/gcc/arm-none-eabi/10.3.1/../../../../arm-none-eabi/lib/thumb/v7e-m+fp/hard\libnosys.a
START GROUP
LOAD d:/program files (x86)/gnu arm embedded toolchain/10 2021.07/bin/../lib/gcc/arm-none-eabi/10.3.1/thumb/v7e-m+fp/hard\libgcc.a
LOAD d:/program files (x86)/gnu arm embedded toolchain/10 2021.07/bin/../lib/gcc/arm-none-eabi/10.3.1/../../../../arm-none-eabi/lib/thumb/v7e-m+fp/hard\libc_nano.a
END GROUP
START GROUP
LOAD d:/program files (x86)/gnu arm embedded toolchain/10 2021.07/bin/../lib/gcc/arm-none-eabi/10.3.1/thumb/v7e-m+fp/hard\libgcc.a
LOAD d:/program files (x86)/gnu arm embedded toolchain/10 2021.07/bin/../lib/gcc/arm-none-eabi/10.3.1/../../../../arm-none-eabi/lib/thumb/v7e-m+fp/hard\libc_nano.a
END GROUP
LOAD d:/program files (x86)/gnu arm embedded toolchain/10 2021.07/bin/../lib/gcc/arm-none-eabi/10.3.1/thumb/v7e-m+fp/hard/crtend.o
LOAD d:/program files (x86)/gnu arm embedded toolchain/10 2021.07/bin/../lib/gcc/arm-none-eabi/10.3.1/thumb/v7e-m+fp/hard/crtn.o
                0x20020000                _estack = 0x20020000
                0x00000600                _Min_Heap_Size = 0x600
                0x00000800                _Min_Stack_Size = 0x800

.isr_vector     0x08000000      0x188
                0x08000000                . = ALIGN (0x4)
 *(.isr_vector)
 .isr_vector    0x08000000      0x188 build/startup_stm32f407xx.o
                0x08000000                g_pfnVectors
                0x08000188                . = ALIGN (0x4)

.text           0x08000188     0x3f10
                0x08000188                . = ALIGN (0x4)
 *(.text)
 .text          0x08000188       0x40 d:/program files (x86)/gnu arm embedded toolchain/10 2021.07/bin/../lib/gcc/arm-none-eabi/10.3.1/thumb/v7e-m+fp/hard/crtbegin.o
 .text          0x080001c8       0x30 d:/program files (x86)/gnu arm embedded toolchain/10 2021.07/bin/../lib/gcc/arm-none-eabi/10.3.1/thumb/v7e-m+fp/hard\libgcc.a(_aeabi_uldivmod.o)
                0x080001c8                __aeabi_uldivmod
 .text          0x080001f8      0x2d0 d:/program files (x86)/gnu arm embedded toolchain/10 2021.07/bin/../lib/gcc/arm-none-eabi/10.3.1/thumb/v7e-m+fp/hard\libgcc.a(_udivmoddi4.o)
                0x080001f8                __udivmoddi4
 .text          0x080004c8        0x4 d:/program files (x86)/gnu arm embedded toolchain/10 2021.07/bin/../lib/gcc/arm-none-eabi/10.3.1/thumb/v7e-m+fp/hard\libgcc.a(_dvmd_tls.o)
                0x080004c8                __aeabi_idiv0
                0x080004c8                __aeabi_ldiv0
 *(.text*)
 .text.Error_Handler
                0x080004cc        0x4 build/main.o
                0x080004cc                Error_Handler
 .text.SystemClock_Config
                0x080004d0       0xa8 build/main.o
                0x080004d0                SystemClock_Config
 .text.main     0x08000578       0x78 build/main.o
                0x08000578                main
 .text.MX_GPIO_Init
                0x080005f0       0x80 build/gpio.o
                0x080005f0                MX_GPIO_Init
 .text.NMI_Handler
                0x08000670        0x2 build/stm32f4xx_it.o
                0x08000670                NMI_Handler
 .text.HardFault_Handler
                0x08000672        0x2 build/stm32f4xx_it.o
                0x08000672                HardFault_Handler
 .text.MemManage_Handler
                0x08000674        0x2 build/stm32f4xx_it.o
                0x08000674                MemManage_Handler
 .text.BusFault_Handler
                0x08000676        0x2 build/stm32f4xx_it.o
                0x08000676                BusFault_Handler
 .text.UsageFault_Handler
                0x08000678        0x2 build/stm32f4xx_it.o
                0x08000678                UsageFault_Handler
 .text.SVC_Handler
                0x0800067a        0x2 build/stm32f4xx_it.o
                0x0800067a                SVC_Handler
 .text.DebugMon_Handler
                0x0800067c        0x2 build/stm32f4xx_it.o
                0x0800067c                DebugMon_Handler
 .text.PendSV_Handler
                0x0800067e        0x2 build/stm32f4xx_it.o
                0x0800067e                PendSV_Handler
 .text.SysTick_Handler
                0x08000680        0x8 build/stm32f4xx_it.o
                0x08000680                SysTick_Handler
 .text.OTG_FS_IRQHandler
                0x08000688       0x10 build/stm32f4xx_it.o
                0x08000688                OTG_FS_IRQHandler
 .text.HAL_MspInit
                0x08000698       0x38 build/stm32f4xx_hal_msp.o
                0x08000698                HAL_MspInit
 .text.MX_USB_DEVICE_Init
                0x080006d0       0x54 build/usb_device.o
                0x080006d0                MX_USB_DEVICE_Init
 .text.USBD_FS_DeviceDescriptor
                0x08000724        0xc build/usbd_desc.o
                0x08000724                USBD_FS_DeviceDescriptor
 .text.USBD_FS_LangIDStrDescriptor
                0x08000730        0xc build/usbd_desc.o
                0x08000730                USBD_FS_LangIDStrDescriptor
 .text.IntToUnicode
                0x0800073c       0x46 build/usbd_desc.o
 *fill*         0x08000782        0x2 
 .text.Get_SerialNum
                0x08000784       0x38 build/usbd_desc.o
 .text.USBD_FS_SerialStrDescriptor
                0x080007bc       0x14 build/usbd_desc.o
                0x080007bc                USBD_FS_SerialStrDescriptor
 .text.USBD_FS_ProductStrDescriptor
                0x080007d0       0x24 build/usbd_desc.o
                0x080007d0                USBD_FS_ProductStrDescriptor
 .text.USBD_FS_ManufacturerStrDescriptor
                0x080007f4       0x1c build/usbd_desc.o
                0x080007f4                USBD_FS_ManufacturerStrDescriptor
 .text.USBD_FS_ConfigStrDescriptor
                0x08000810       0x24 build/usbd_desc.o
                0x08000810                USBD_FS_ConfigStrDescriptor
 .text.USBD_FS_InterfaceStrDescriptor
                0x08000834       0x24 build/usbd_desc.o
                0x08000834                USBD_FS_InterfaceStrDescriptor
 .text.CDC_DeInit_FS
                0x08000858        0x4 build/usbd_cdc_if.o
 .text.CDC_Control_FS
                0x0800085c        0x4 build/usbd_cdc_if.o
 .text.CDC_TransmitCplt_FS
                0x08000860        0x4 build/usbd_cdc_if.o
 .text.CDC_Receive_FS
                0x08000864       0x1c build/usbd_cdc_if.o
 .text.CDC_Init_FS
                0x08000880       0x28 build/usbd_cdc_if.o
 .text.HAL_PCD_MspInit
                0x080008a8       0x84 build/usbd_conf.o
                0x080008a8                HAL_PCD_MspInit
 .text.HAL_PCD_SetupStageCallback
                0x0800092c       0x10 build/usbd_conf.o
                0x0800092c                HAL_PCD_SetupStageCallback
 .text.HAL_PCD_DataOutStageCallback
                0x0800093c       0x18 build/usbd_conf.o
                0x0800093c                HAL_PCD_DataOutStageCallback
 .text.HAL_PCD_DataInStageCallback
                0x08000954       0x16 build/usbd_conf.o
                0x08000954                HAL_PCD_DataInStageCallback
 .text.HAL_PCD_SOFCallback
                0x0800096a        0xc build/usbd_conf.o
                0x0800096a                HAL_PCD_SOFCallback
 .text.HAL_PCD_ResetCallback
                0x08000976       0x2c build/usbd_conf.o
                0x08000976                HAL_PCD_ResetCallback
 *fill*         0x080009a2        0x2 
 .text.HAL_PCD_SuspendCallback
                0x080009a4       0x30 build/usbd_conf.o
                0x080009a4                HAL_PCD_SuspendCallback
 .text.HAL_PCD_ResumeCallback
                0x080009d4        0xc build/usbd_conf.o
                0x080009d4                HAL_PCD_ResumeCallback
 .text.HAL_PCD_ISOOUTIncompleteCallback
                0x080009e0        0xc build/usbd_conf.o
                0x080009e0                HAL_PCD_ISOOUTIncompleteCallback
 .text.HAL_PCD_ISOINIncompleteCallback
                0x080009ec        0xc build/usbd_conf.o
                0x080009ec                HAL_PCD_ISOINIncompleteCallback
 .text.HAL_PCD_ConnectCallback
                0x080009f8        0xc build/usbd_conf.o
                0x080009f8                HAL_PCD_ConnectCallback
 .text.HAL_PCD_DisconnectCallback
                0x08000a04        0xc build/usbd_conf.o
                0x08000a04                HAL_PCD_DisconnectCallback
 .text.USBD_LL_Init
                0x08000a10       0x68 build/usbd_conf.o
                0x08000a10                USBD_LL_Init
 .text.USBD_LL_IsStallEP
                0x08000a78       0x2e build/usbd_conf.o
                0x08000a78                USBD_LL_IsStallEP
 .text.USBD_LL_GetRxDataSize
                0x08000aa6        0xc build/usbd_conf.o
                0x08000aa6                USBD_LL_GetRxDataSize
 *fill*         0x08000ab2        0x2 
 .text.USBD_static_malloc
                0x08000ab4        0x8 build/usbd_conf.o
                0x08000ab4                USBD_static_malloc
 .text.USBD_static_free
                0x08000abc        0x2 build/usbd_conf.o
                0x08000abc                USBD_static_free
 .text.USBD_Get_USB_Status
                0x08000abe       0x14 build/usbd_conf.o
                0x08000abe                USBD_Get_USB_Status
 .text.USBD_LL_Start
                0x08000ad2       0x10 build/usbd_conf.o
                0x08000ad2                USBD_LL_Start
 .text.USBD_LL_OpenEP
                0x08000ae2       0x16 build/usbd_conf.o
                0x08000ae2                USBD_LL_OpenEP
 .text.USBD_LL_CloseEP
                0x08000af8       0x10 build/usbd_conf.o
                0x08000af8                USBD_LL_CloseEP
 .text.USBD_LL_StallEP
                0x08000b08       0x10 build/usbd_conf.o
                0x08000b08                USBD_LL_StallEP
 .text.USBD_LL_ClearStallEP
                0x08000b18       0x10 build/usbd_conf.o
                0x08000b18                USBD_LL_ClearStallEP
 .text.USBD_LL_SetUSBAddress
                0x08000b28       0x10 build/usbd_conf.o
                0x08000b28                USBD_LL_SetUSBAddress
 .text.USBD_LL_Transmit
                0x08000b38       0x10 build/usbd_conf.o
                0x08000b38                USBD_LL_Transmit
 .text.USBD_LL_PrepareReceive
                0x08000b48       0x10 build/usbd_conf.o
                0x08000b48                USBD_LL_PrepareReceive
 .text.PCD_WriteEmptyTxFifo
                0x08000b58       0xd0 build/stm32f4xx_hal_pcd.o
 .text.HAL_PCD_Init
                0x08000c28      0x12e build/stm32f4xx_hal_pcd.o
                0x08000c28                HAL_PCD_Init
 .text.HAL_PCD_Start
                0x08000d56       0x42 build/stm32f4xx_hal_pcd.o
                0x08000d56                HAL_PCD_Start
 .text.PCD_EP_OutXfrComplete_int
                0x08000d98       0xf4 build/stm32f4xx_hal_pcd.o
 .text.PCD_EP_OutSetupPacket_int
                0x08000e8c       0x50 build/stm32f4xx_hal_pcd.o
 .text.HAL_PCD_IRQHandler
                0x08000edc      0x476 build/stm32f4xx_hal_pcd.o
                0x08000edc                HAL_PCD_IRQHandler
 .text.HAL_PCD_SetAddress
                0x08001352       0x28 build/stm32f4xx_hal_pcd.o
                0x08001352                HAL_PCD_SetAddress
 .text.HAL_PCD_EP_Open
                0x0800137a       0x8a build/stm32f4xx_hal_pcd.o
                0x0800137a                HAL_PCD_EP_Open
 .text.HAL_PCD_EP_Close
                0x08001404       0x72 build/stm32f4xx_hal_pcd.o
                0x08001404                HAL_PCD_EP_Close
 .text.HAL_PCD_EP_Receive
                0x08001476       0x5e build/stm32f4xx_hal_pcd.o
                0x08001476                HAL_PCD_EP_Receive
 .text.HAL_PCD_EP_GetRxCount
                0x080014d4       0x12 build/stm32f4xx_hal_pcd.o
                0x080014d4                HAL_PCD_EP_GetRxCount
 .text.HAL_PCD_EP_Transmit
                0x080014e6       0x5e build/stm32f4xx_hal_pcd.o
                0x080014e6                HAL_PCD_EP_Transmit
 .text.HAL_PCD_EP_SetStall
                0x08001544       0x88 build/stm32f4xx_hal_pcd.o
                0x08001544                HAL_PCD_EP_SetStall
 .text.HAL_PCD_EP_ClrStall
                0x080015cc       0x76 build/stm32f4xx_hal_pcd.o
                0x080015cc                HAL_PCD_EP_ClrStall
 .text.HAL_PCDEx_SetTxFiFo
                0x08001642       0x4c build/stm32f4xx_hal_pcd_ex.o
                0x08001642                HAL_PCDEx_SetTxFiFo
 .text.HAL_PCDEx_SetRxFiFo
                0x0800168e        0x8 build/stm32f4xx_hal_pcd_ex.o
                0x0800168e                HAL_PCDEx_SetRxFiFo
 .text.HAL_PCDEx_LPM_Callback
                0x08001696        0x2 build/stm32f4xx_hal_pcd_ex.o
                0x08001696                HAL_PCDEx_LPM_Callback
 .text.USB_CoreReset
                0x08001698       0x4c build/stm32f4xx_ll_usb.o
 .text.USB_CoreInit
                0x080016e4       0x8a build/stm32f4xx_ll_usb.o
                0x080016e4                USB_CoreInit
 *fill*         0x0800176e        0x2 
 .text.USB_SetTurnaroundTime
                0x08001770       0xe4 build/stm32f4xx_ll_usb.o
                0x08001770                USB_SetTurnaroundTime
 .text.USB_EnableGlobalInt
                0x08001854        0xc build/stm32f4xx_ll_usb.o
                0x08001854                USB_EnableGlobalInt
 .text.USB_DisableGlobalInt
                0x08001860        0xc build/stm32f4xx_ll_usb.o
                0x08001860                USB_DisableGlobalInt
 .text.USB_FlushTxFifo
                0x0800186c       0x30 build/stm32f4xx_ll_usb.o
                0x0800186c                USB_FlushTxFifo
 .text.USB_FlushRxFifo
                0x0800189c       0x2c build/stm32f4xx_ll_usb.o
                0x0800189c                USB_FlushRxFifo
 .text.USB_SetDevSpeed
                0x080018c8        0xe build/stm32f4xx_ll_usb.o
                0x080018c8                USB_SetDevSpeed
 *fill*         0x080018d6        0x2 
 .text.USB_DevInit
                0x080018d8      0x190 build/stm32f4xx_ll_usb.o
                0x080018d8                USB_DevInit
 .text.USB_GetDevSpeed
                0x08001a68       0x22 build/stm32f4xx_ll_usb.o
                0x08001a68                USB_GetDevSpeed
 .text.USB_ActivateEndpoint
                0x08001a8a       0x9c build/stm32f4xx_ll_usb.o
                0x08001a8a                USB_ActivateEndpoint
 *fill*         0x08001b26        0x2 
 .text.USB_DeactivateEndpoint
                0x08001b28       0xe0 build/stm32f4xx_ll_usb.o
                0x08001b28                USB_DeactivateEndpoint
 .text.USB_EP0StartXfer
                0x08001c08      0x120 build/stm32f4xx_ll_usb.o
                0x08001c08                USB_EP0StartXfer
 .text.USB_WritePacket
                0x08001d28       0x2e build/stm32f4xx_ll_usb.o
                0x08001d28                USB_WritePacket
 *fill*         0x08001d56        0x2 
 .text.USB_EPStartXfer
                0x08001d58      0x238 build/stm32f4xx_ll_usb.o
                0x08001d58                USB_EPStartXfer
 .text.USB_ReadPacket
                0x08001f90       0x54 build/stm32f4xx_ll_usb.o
                0x08001f90                USB_ReadPacket
 .text.USB_EPSetStall
                0x08001fe4       0x5a build/stm32f4xx_ll_usb.o
                0x08001fe4                USB_EPSetStall
 .text.USB_EPClearStall
                0x0800203e       0x5c build/stm32f4xx_ll_usb.o
                0x0800203e                USB_EPClearStall
 .text.USB_SetDevAddress
                0x0800209a       0x20 build/stm32f4xx_ll_usb.o
                0x0800209a                USB_SetDevAddress
 .text.USB_DevConnect
                0x080020ba       0x1c build/stm32f4xx_ll_usb.o
                0x080020ba                USB_DevConnect
 .text.USB_DevDisconnect
                0x080020d6       0x1c build/stm32f4xx_ll_usb.o
                0x080020d6                USB_DevDisconnect
 .text.USB_ReadInterrupts
                0x080020f2        0x8 build/stm32f4xx_ll_usb.o
                0x080020f2                USB_ReadInterrupts
 .text.USB_ReadDevAllOutEpInterrupt
                0x080020fa       0x10 build/stm32f4xx_ll_usb.o
                0x080020fa                USB_ReadDevAllOutEpInterrupt
 .text.USB_ReadDevAllInEpInterrupt
                0x0800210a       0x10 build/stm32f4xx_ll_usb.o
                0x0800210a                USB_ReadDevAllInEpInterrupt
 .text.USB_ReadDevOutEPInterrupt
                0x0800211a       0x12 build/stm32f4xx_ll_usb.o
                0x0800211a                USB_ReadDevOutEPInterrupt
 .text.USB_ReadDevInEPInterrupt
                0x0800212c       0x28 build/stm32f4xx_ll_usb.o
                0x0800212c                USB_ReadDevInEPInterrupt
 .text.USB_GetMode
                0x08002154        0x8 build/stm32f4xx_ll_usb.o
                0x08002154                USB_GetMode
 .text.USB_SetCurrentMode
                0x0800215c       0x62 build/stm32f4xx_ll_usb.o
                0x0800215c                USB_SetCurrentMode
 .text.USB_ActivateSetup
                0x080021be       0x20 build/stm32f4xx_ll_usb.o
                0x080021be                USB_ActivateSetup
 *fill*         0x080021de        0x2 
 .text.USB_EP0_OutStart
                0x080021e0       0x60 build/stm32f4xx_ll_usb.o
                0x080021e0                USB_EP0_OutStart
 .text.HAL_RCC_OscConfig
                0x08002240      0x3f8 build/stm32f4xx_hal_rcc.o
                0x08002240                HAL_RCC_OscConfig
 .text.HAL_RCC_GetSysClockFreq
                0x08002638       0xd4 build/stm32f4xx_hal_rcc.o
                0x08002638                HAL_RCC_GetSysClockFreq
 .text.HAL_RCC_ClockConfig
                0x0800270c      0x160 build/stm32f4xx_hal_rcc.o
                0x0800270c                HAL_RCC_ClockConfig
 .text.HAL_RCC_GetHCLKFreq
                0x0800286c        0xc build/stm32f4xx_hal_rcc.o
                0x0800286c                HAL_RCC_GetHCLKFreq
 .text.HAL_GPIO_Init
                0x08002878      0x1e4 build/stm32f4xx_hal_gpio.o
                0x08002878                HAL_GPIO_Init
 .text.HAL_GPIO_WritePin
                0x08002a5c        0xc build/stm32f4xx_hal_gpio.o
                0x08002a5c                HAL_GPIO_WritePin
 .text.HAL_NVIC_SetPriorityGrouping
                0x08002a68       0x24 build/stm32f4xx_hal_cortex.o
                0x08002a68                HAL_NVIC_SetPriorityGrouping
 .text.HAL_NVIC_SetPriority
                0x08002a8c       0x70 build/stm32f4xx_hal_cortex.o
                0x08002a8c                HAL_NVIC_SetPriority
 .text.HAL_NVIC_EnableIRQ
                0x08002afc       0x1c build/stm32f4xx_hal_cortex.o
                0x08002afc                HAL_NVIC_EnableIRQ
 .text.HAL_SYSTICK_Config
                0x08002b18       0x28 build/stm32f4xx_hal_cortex.o
                0x08002b18                HAL_SYSTICK_Config
 .text.HAL_InitTick
                0x08002b40       0x4c build/stm32f4xx_hal.o
                0x08002b40                HAL_InitTick
 .text.HAL_Init
                0x08002b8c       0x34 build/stm32f4xx_hal.o
                0x08002b8c                HAL_Init
 .text.HAL_IncTick
                0x08002bc0       0x18 build/stm32f4xx_hal.o
                0x08002bc0                HAL_IncTick
 .text.HAL_GetTick
                0x08002bd8        0xc build/stm32f4xx_hal.o
                0x08002bd8                HAL_GetTick
 .text.HAL_Delay
                0x08002be4       0x28 build/stm32f4xx_hal.o
                0x08002be4                HAL_Delay
 .text.SystemInit
                0x08002c0c       0x14 build/system_stm32f4xx.o
                0x08002c0c                SystemInit
 .text.USBD_Init
                0x08002c20       0x2e build/usbd_core.o
                0x08002c20                USBD_Init
 .text.USBD_RegisterClass
                0x08002c4e       0x2e build/usbd_core.o
                0x08002c4e                USBD_RegisterClass
 .text.USBD_Start
                0x08002c7c        0x8 build/usbd_core.o
                0x08002c7c                USBD_Start
 .text.USBD_SetClassConfig
                0x08002c84       0x12 build/usbd_core.o
                0x08002c84                USBD_SetClassConfig
 .text.USBD_ClrClassConfig
                0x08002c96       0x10 build/usbd_core.o
                0x08002c96                USBD_ClrClassConfig
 .text.USBD_LL_SetupStage
                0x08002ca6       0x58 build/usbd_core.o
                0x08002ca6                USBD_LL_SetupStage
 .text.USBD_LL_DataOutStage
                0x08002cfe       0x78 build/usbd_core.o
                0x08002cfe                USBD_LL_DataOutStage
 .text.USBD_LL_DataInStage
                0x08002d76       0xbe build/usbd_core.o
                0x08002d76                USBD_LL_DataInStage
 .text.USBD_LL_Reset
                0x08002e34       0x5a build/usbd_core.o
                0x08002e34                USBD_LL_Reset
 .text.USBD_LL_SetSpeed
                0x08002e8e        0x6 build/usbd_core.o
                0x08002e8e                USBD_LL_SetSpeed
 .text.USBD_LL_Suspend
                0x08002e94       0x14 build/usbd_core.o
                0x08002e94                USBD_LL_Suspend
 .text.USBD_LL_Resume
                0x08002ea8       0x1a build/usbd_core.o
                0x08002ea8                USBD_LL_Resume
 .text.USBD_LL_SOF
                0x08002ec2       0x28 build/usbd_core.o
                0x08002ec2                USBD_LL_SOF
 .text.USBD_LL_IsoINIncomplete
                0x08002eea       0x28 build/usbd_core.o
                0x08002eea                USBD_LL_IsoINIncomplete
 .text.USBD_LL_IsoOUTIncomplete
                0x08002f12       0x28 build/usbd_core.o
                0x08002f12                USBD_LL_IsoOUTIncomplete
 .text.USBD_LL_DevConnected
                0x08002f3a        0x4 build/usbd_core.o
                0x08002f3a                USBD_LL_DevConnected
 .text.USBD_LL_DevDisconnected
                0x08002f3e       0x18 build/usbd_core.o
                0x08002f3e                USBD_LL_DevDisconnected
 .text.USBD_GetLen
                0x08002f56       0x14 build/usbd_ctlreq.o
 .text.USBD_SetFeature
                0x08002f6a       0x14 build/usbd_ctlreq.o
 .text.USBD_ParseSetupRequest
                0x08002f7e       0x28 build/usbd_ctlreq.o
                0x08002f7e                USBD_ParseSetupRequest
 .text.USBD_CtlError
                0x08002fa6       0x14 build/usbd_ctlreq.o
                0x08002fa6                USBD_CtlError
 .text.USBD_GetDescriptor
                0x08002fba      0x18a build/usbd_ctlreq.o
 .text.USBD_SetAddress
                0x08003144       0x50 build/usbd_ctlreq.o
 .text.USBD_SetConfig
                0x08003194       0xc8 build/usbd_ctlreq.o
 .text.USBD_GetConfig
                0x0800325c       0x40 build/usbd_ctlreq.o
 .text.USBD_GetStatus
                0x0800329c       0x38 build/usbd_ctlreq.o
 .text.USBD_ClrFeature
                0x080032d4       0x26 build/usbd_ctlreq.o
 .text.USBD_StdDevReq
                0x080032fa       0x70 build/usbd_ctlreq.o
                0x080032fa                USBD_StdDevReq
 .text.USBD_StdItfReq
                0x0800336a       0x68 build/usbd_ctlreq.o
                0x0800336a                USBD_StdItfReq
 .text.USBD_StdEPReq
                0x080033d2      0x1ec build/usbd_ctlreq.o
                0x080033d2                USBD_StdEPReq
 .text.USBD_GetString
                0x080035be       0x3a build/usbd_ctlreq.o
                0x080035be                USBD_GetString
 .text.USBD_CtlSendData
                0x080035f8       0x1a build/usbd_ioreq.o
                0x080035f8                USBD_CtlSendData
 .text.USBD_CtlContinueSendData
                0x08003612       0x10 build/usbd_ioreq.o
                0x08003612                USBD_CtlContinueSendData
 .text.USBD_CtlPrepareRx
                0x08003622       0x1e build/usbd_ioreq.o
                0x08003622                USBD_CtlPrepareRx
 .text.USBD_CtlContinueRx
                0x08003640       0x10 build/usbd_ioreq.o
                0x08003640                USBD_CtlContinueRx
 .text.USBD_CtlSendStatus
                0x08003650       0x16 build/usbd_ioreq.o
                0x08003650                USBD_CtlSendStatus
 .text.USBD_CtlReceiveStatus
                0x08003666       0x16 build/usbd_ioreq.o
                0x08003666                USBD_CtlReceiveStatus
 .text.USBD_CDC_EP0_RxReady
                0x0800367c       0x36 build/usbd_cdc.o
 *fill*         0x080036b2        0x2 
 .text.USBD_CDC_GetFSCfgDesc
                0x080036b4        0xc build/usbd_cdc.o
 .text.USBD_CDC_GetHSCfgDesc
                0x080036c0        0xc build/usbd_cdc.o
 .text.USBD_CDC_GetOtherSpeedCfgDesc
                0x080036cc        0xc build/usbd_cdc.o
 .text.USBD_CDC_GetDeviceQualifierDescriptor
                0x080036d8        0xc build/usbd_cdc.o
                0x080036d8                USBD_CDC_GetDeviceQualifierDescriptor
 .text.USBD_CDC_DataOut
                0x080036e4       0x2a build/usbd_cdc.o
 .text.USBD_CDC_DataIn
                0x0800370e       0x6a build/usbd_cdc.o
 .text.USBD_CDC_Setup
                0x08003778       0xf4 build/usbd_cdc.o
 .text.USBD_CDC_DeInit
                0x0800386c       0x48 build/usbd_cdc.o
 .text.USBD_CDC_Init
                0x080038b4       0xc2 build/usbd_cdc.o
 .text.USBD_CDC_RegisterInterface
                0x08003976        0xe build/usbd_cdc.o
                0x08003976                USBD_CDC_RegisterInterface
 .text.USBD_CDC_SetTxBuffer
                0x08003984       0x16 build/usbd_cdc.o
                0x08003984                USBD_CDC_SetTxBuffer
 .text.USBD_CDC_SetRxBuffer
                0x0800399a       0x12 build/usbd_cdc.o
                0x0800399a                USBD_CDC_SetRxBuffer
 .text.USBD_CDC_ReceivePacket
                0x080039ac       0x32 build/usbd_cdc.o
                0x080039ac                USBD_CDC_ReceivePacket
 .text._StoreChar
                0x080039de       0x40 build/SEGGER_RTT_printf.o
 *fill*         0x08003a1e        0x2 
 .text._PrintUnsigned
                0x08003a20       0xe0 build/SEGGER_RTT_printf.o
 .text._PrintInt
                0x08003b00       0xea build/SEGGER_RTT_printf.o
 *fill*         0x08003bea        0x2 
 .text.SEGGER_RTT_vprintf
                0x08003bec      0x1f0 build/SEGGER_RTT_printf.o
                0x08003bec                SEGGER_RTT_vprintf
 .text.SEGGER_RTT_printf
                0x08003ddc       0x1e build/SEGGER_RTT_printf.o
                0x08003ddc                SEGGER_RTT_printf
 .text._GetAvailWriteSpace
                0x08003dfa       0x18 build/SEGGER_RTT.o
 .text._WriteNoCheck
                0x08003e12       0x44 build/SEGGER_RTT.o
 .text._WriteBlocking
                0x08003e56       0x5e build/SEGGER_RTT.o
 .text._DoInit  0x08003eb4       0x64 build/SEGGER_RTT.o
 .text.SEGGER_RTT_WriteNoLock
                0x08003f18       0x6c build/SEGGER_RTT.o
                0x08003f18                SEGGER_RTT_WriteNoLock
 .text.SEGGER_RTT_Write
                0x08003f84       0x34 build/SEGGER_RTT.o
                0x08003f84                SEGGER_RTT_Write
 .text.Reset_Handler
                0x08003fb8       0x50 build/startup_stm32f407xx.o
                0x08003fb8                Reset_Handler
 .text.Default_Handler
                0x08004008        0x2 build/startup_stm32f407xx.o
                0x08004008                RTC_Alarm_IRQHandler
                0x08004008                HASH_RNG_IRQHandler
                0x08004008                EXTI2_IRQHandler
                0x08004008                TIM8_CC_IRQHandler
                0x08004008                TIM1_CC_IRQHandler
                0x08004008                DMA2_Stream5_IRQHandler
                0x08004008                DMA1_Stream5_IRQHandler
                0x08004008                PVD_IRQHandler
                0x08004008                SDIO_IRQHandler
                0x08004008                TAMP_STAMP_IRQHandler
                0x08004008                CAN2_RX1_IRQHandler
                0x08004008                EXTI3_IRQHandler
                0x08004008                TIM8_TRG_COM_TIM14_IRQHandler
                0x08004008                TIM1_UP_TIM10_IRQHandler
                0x08004008                TIM8_UP_TIM13_IRQHandler
                0x08004008                I2C3_ER_IRQHandler
                0x08004008                EXTI0_IRQHandler
                0x08004008                I2C2_EV_IRQHandler
                0x08004008                DMA1_Stream2_IRQHandler
                0x08004008                CAN1_RX0_IRQHandler
                0x08004008                FPU_IRQHandler
                0x08004008                OTG_HS_WKUP_IRQHandler
                0x08004008                CAN2_SCE_IRQHandler
                0x08004008                DMA2_Stream2_IRQHandler
                0x08004008                SPI1_IRQHandler
                0x08004008                TIM6_DAC_IRQHandler
                0x08004008                TIM1_BRK_TIM9_IRQHandler
                0x08004008                DCMI_IRQHandler
                0x08004008                CAN2_RX0_IRQHandler
                0x08004008                DMA2_Stream3_IRQHandler
                0x08004008                USART6_IRQHandler
                0x08004008                USART3_IRQHandler
                0x08004008                CAN1_RX1_IRQHandler
                0x08004008                UART5_IRQHandler
                0x08004008                DMA2_Stream0_IRQHandler
                0x08004008                TIM4_IRQHandler
                0x08004008                I2C1_EV_IRQHandler
                0x08004008                DMA1_Stream6_IRQHandler
                0x08004008                DMA1_Stream1_IRQHandler
                0x08004008                UART4_IRQHandler
                0x08004008                TIM3_IRQHandler
                0x08004008                RCC_IRQHandler
                0x08004008                TIM8_BRK_TIM12_IRQHandler
                0x08004008                Default_Handler
                0x08004008                EXTI15_10_IRQHandler
                0x08004008                ADC_IRQHandler
                0x08004008                DMA1_Stream7_IRQHandler
                0x08004008                TIM7_IRQHandler
                0x08004008                CAN2_TX_IRQHandler
                0x08004008                TIM5_IRQHandler
                0x08004008                DMA2_Stream7_IRQHandler
                0x08004008                I2C3_EV_IRQHandler
                0x08004008                EXTI9_5_IRQHandler
                0x08004008                RTC_WKUP_IRQHandler
                0x08004008                ETH_WKUP_IRQHandler
                0x08004008                SPI2_IRQHandler
                0x08004008                OTG_HS_EP1_IN_IRQHandler
                0x08004008                DMA1_Stream0_IRQHandler
                0x08004008                CAN1_TX_IRQHandler
                0x08004008                EXTI4_IRQHandler
                0x08004008                FSMC_IRQHandler
                0x08004008                ETH_IRQHandler
                0x08004008                OTG_HS_EP1_OUT_IRQHandler
                0x08004008                WWDG_IRQHandler
                0x08004008                TIM2_IRQHandler
                0x08004008                OTG_FS_WKUP_IRQHandler
                0x08004008                TIM1_TRG_COM_TIM11_IRQHandler
                0x08004008                OTG_HS_IRQHandler
                0x08004008                EXTI1_IRQHandler
                0x08004008                USART2_IRQHandler
                0x08004008                I2C2_ER_IRQHandler
                0x08004008                DMA2_Stream1_IRQHandler
                0x08004008                CAN1_SCE_IRQHandler
                0x08004008                FLASH_IRQHandler
                0x08004008                DMA2_Stream4_IRQHandler
                0x08004008                USART1_IRQHandler
                0x08004008                SPI3_IRQHandler
                0x08004008                DMA1_Stream4_IRQHandler
                0x08004008                I2C1_ER_IRQHandler
                0x08004008                DMA2_Stream6_IRQHandler
                0x08004008                DMA1_Stream3_IRQHandler
 *fill*         0x0800400a        0x2 
 .text.__libc_init_array
                0x0800400c       0x48 d:/program files (x86)/gnu arm embedded toolchain/10 2021.07/bin/../lib/gcc/arm-none-eabi/10.3.1/../../../../arm-none-eabi/lib/thumb/v7e-m+fp/hard\libc_nano.a(lib_a-init.o)
                0x0800400c                __libc_init_array
 .text.memcpy   0x08004054       0x1c d:/program files (x86)/gnu arm embedded toolchain/10 2021.07/bin/../lib/gcc/arm-none-eabi/10.3.1/../../../../arm-none-eabi/lib/thumb/v7e-m+fp/hard\libc_nano.a(lib_a-memcpy-stub.o)
                0x08004054                memcpy
 .text.memset   0x08004070       0x10 d:/program files (x86)/gnu arm embedded toolchain/10 2021.07/bin/../lib/gcc/arm-none-eabi/10.3.1/../../../../arm-none-eabi/lib/thumb/v7e-m+fp/hard\libc_nano.a(lib_a-memset.o)
                0x08004070                memset
 *(.glue_7)
 .glue_7        0x08004080        0x0 linker stubs
 *(.glue_7t)
 .glue_7t       0x08004080        0x0 linker stubs
 *(.eh_frame)
 .eh_frame      0x08004080        0x0 d:/program files (x86)/gnu arm embedded toolchain/10 2021.07/bin/../lib/gcc/arm-none-eabi/10.3.1/thumb/v7e-m+fp/hard/crtbegin.o
 *(.init)
 .init          0x08004080        0x4 d:/program files (x86)/gnu arm embedded toolchain/10 2021.07/bin/../lib/gcc/arm-none-eabi/10.3.1/thumb/v7e-m+fp/hard/crti.o
                0x08004080                _init
 .init          0x08004084        0x8 d:/program files (x86)/gnu arm embedded toolchain/10 2021.07/bin/../lib/gcc/arm-none-eabi/10.3.1/thumb/v7e-m+fp/hard/crtn.o
 *(.fini)
 .fini          0x0800408c        0x4 d:/program files (x86)/gnu arm embedded toolchain/10 2021.07/bin/../lib/gcc/arm-none-eabi/10.3.1/thumb/v7e-m+fp/hard/crti.o
                0x0800408c                _fini
 .fini          0x08004090        0x8 d:/program files (x86)/gnu arm embedded toolchain/10 2021.07/bin/../lib/gcc/arm-none-eabi/10.3.1/thumb/v7e-m+fp/hard/crtn.o
                0x08004098                . = ALIGN (0x4)
                0x08004098                _etext = .

.vfp11_veneer   0x08004098        0x0
 .vfp11_veneer  0x08004098        0x0 linker stubs

.v4_bx          0x08004098        0x0
 .v4_bx         0x08004098        0x0 linker stubs

.iplt           0x08004098        0x0
 .iplt          0x08004098        0x0 d:/program files (x86)/gnu arm embedded toolchain/10 2021.07/bin/../lib/gcc/arm-none-eabi/10.3.1/thumb/v7e-m+fp/hard/crtbegin.o

.rodata         0x08004098      0x11c
                0x08004098                . = ALIGN (0x4)
 *(.rodata)
 *(.rodata*)
 .rodata.main.str1.4
                0x08004098       0x9b build/main.o
 *fill*         0x08004133        0x1 
 .rodata.USBD_FS_ProductStrDescriptor.str1.4
                0x08004134       0x16 build/usbd_desc.o
 *fill*         0x0800414a        0x2 
 .rodata.USBD_FS_ManufacturerStrDescriptor.str1.4
                0x0800414c       0x13 build/usbd_desc.o
 *fill*         0x0800415f        0x1 
 .rodata.USBD_FS_ConfigStrDescriptor.str1.4
                0x08004160        0xb build/usbd_desc.o
 *fill*         0x0800416b        0x1 
 .rodata.USBD_FS_InterfaceStrDescriptor.str1.4
                0x0800416c        0xe build/usbd_desc.o
 *fill*         0x0800417a        0x2 
 .rodata.AHBPrescTable
                0x0800417c       0x10 build/system_stm32f4xx.o
                0x0800417c                AHBPrescTable
 .rodata._aV2C.0
                0x0800418c       0x10 build/SEGGER_RTT_printf.o
 .rodata._DoInit.str1.4
                0x0800419c       0x17 build/SEGGER_RTT.o
                0x080041b4                . = ALIGN (0x4)
 *fill*         0x080041b3        0x1 

.ARM.extab
 *(.ARM.extab* .gnu.linkonce.armextab.*)

.ARM            0x080041b4        0x8
                0x080041b4                __exidx_start = .
 *(.ARM.exidx*)
 .ARM.exidx     0x080041b4        0x8 d:/program files (x86)/gnu arm embedded toolchain/10 2021.07/bin/../lib/gcc/arm-none-eabi/10.3.1/thumb/v7e-m+fp/hard\libgcc.a(_udivmoddi4.o)
                0x080041bc                __exidx_end = .

.rel.dyn        0x080041bc        0x0
 .rel.iplt      0x080041bc        0x0 d:/program files (x86)/gnu arm embedded toolchain/10 2021.07/bin/../lib/gcc/arm-none-eabi/10.3.1/thumb/v7e-m+fp/hard/crtbegin.o

.preinit_array  0x080041bc        0x0
                0x080041bc                PROVIDE (__preinit_array_start = .)
 *(.preinit_array*)
                0x080041bc                PROVIDE (__preinit_array_end = .)

.init_array     0x080041bc        0x4
                0x080041bc                PROVIDE (__init_array_start = .)
 *(SORT_BY_NAME(.init_array.*))
 *(.init_array*)
 .init_array    0x080041bc        0x4 d:/program files (x86)/gnu arm embedded toolchain/10 2021.07/bin/../lib/gcc/arm-none-eabi/10.3.1/thumb/v7e-m+fp/hard/crtbegin.o
                0x080041c0                PROVIDE (__init_array_end = .)

.fini_array     0x080041c0        0x4
                [!provide]                PROVIDE (__fini_array_start = .)
 *(SORT_BY_NAME(.fini_array.*))
 *(.fini_array*)
 .fini_array    0x080041c0        0x4 d:/program files (x86)/gnu arm embedded toolchain/10 2021.07/bin/../lib/gcc/arm-none-eabi/10.3.1/thumb/v7e-m+fp/hard/crtbegin.o
                [!provide]                PROVIDE (__fini_array_end = .)
                0x080041c4                _sidata = LOADADDR (.data)

.data           0x20000000      0x180 load address 0x080041c4
                0x20000000                . = ALIGN (0x4)
                0x20000000                _sdata = .
 *(.data)
 *(.data*)
 .data.FS_Desc  0x20000000       0x1c build/usbd_desc.o
                0x20000000                FS_Desc
 .data.USBD_FS_DeviceDesc
                0x2000001c       0x12 build/usbd_desc.o
                0x2000001c                USBD_FS_DeviceDesc
 *fill*         0x2000002e        0x2 
 .data.USBD_LangIDDesc
                0x20000030        0x4 build/usbd_desc.o
                0x20000030                USBD_LangIDDesc
 .data.USBD_StringSerial
                0x20000034       0x1a build/usbd_desc.o
                0x20000034                USBD_StringSerial
 *fill*         0x2000004e        0x2 
 .data.USBD_Interface_fops_FS
                0x20000050       0x14 build/usbd_cdc_if.o
                0x20000050                USBD_Interface_fops_FS
 .data.uwTickFreq
                0x20000064        0x1 build/stm32f4xx_hal.o
                0x20000064                uwTickFreq
 *fill*         0x20000065        0x3 
 .data.uwTickPrio
                0x20000068        0x4 build/stm32f4xx_hal.o
                0x20000068                uwTickPrio
 .data.SystemCoreClock
                0x2000006c        0x4 build/system_stm32f4xx.o
                0x2000006c                SystemCoreClock
 .data.USBD_CDC
                0x20000070       0x38 build/usbd_cdc.o
                0x20000070                USBD_CDC
 .data.USBD_CDC_CfgFSDesc
                0x200000a8       0x43 build/usbd_cdc.o
 *fill*         0x200000eb        0x1 
 .data.USBD_CDC_CfgHSDesc
                0x200000ec       0x43 build/usbd_cdc.o
 *fill*         0x2000012f        0x1 
 .data.USBD_CDC_DeviceQualifierDesc
                0x20000130        0xa build/usbd_cdc.o
 *fill*         0x2000013a        0x2 
 .data.USBD_CDC_OtherSpeedCfgDesc
                0x2000013c       0x43 build/usbd_cdc.o
                0x20000180                . = ALIGN (0x4)
 *fill*         0x2000017f        0x1 
                0x20000180                _edata = .
                0x08004344                _siccmram = LOADADDR (.ccmram)

.igot.plt       0x20000180        0x0 load address 0x08004344
 .igot.plt      0x20000180        0x0 d:/program files (x86)/gnu arm embedded toolchain/10 2021.07/bin/../lib/gcc/arm-none-eabi/10.3.1/thumb/v7e-m+fp/hard/crtbegin.o

.ccmram         0x10000000        0x0 load address 0x08004344
                0x10000000                . = ALIGN (0x4)
                0x10000000                _sccmram = .
 *(.ccmram)
 *(.ccmram*)
                0x10000000                . = ALIGN (0x4)
                0x10000000                _eccmram = .
                0x10000000                . = ALIGN (0x4)

.bss            0x20000180     0x1fd4
                0x20000180                _sbss = .
                0x20000180                __bss_start__ = _sbss
 *(.bss)
 .bss           0x20000180       0x1c d:/program files (x86)/gnu arm embedded toolchain/10 2021.07/bin/../lib/gcc/arm-none-eabi/10.3.1/thumb/v7e-m+fp/hard/crtbegin.o
 *(.bss*)
 .bss.hUsbDeviceFS
                0x2000019c      0x2d0 build/usb_device.o
                0x2000019c                hUsbDeviceFS
 .bss.USBD_StrDesc
                0x2000046c      0x200 build/usbd_desc.o
                0x2000046c                USBD_StrDesc
 .bss.UserRxBufferFS
                0x2000066c      0x800 build/usbd_cdc_if.o
                0x2000066c                UserRxBufferFS
 .bss.UserTxBufferFS
                0x20000e6c      0x800 build/usbd_cdc_if.o
                0x20000e6c                UserTxBufferFS
 .bss.hpcd_USB_OTG_FS
                0x2000166c      0x408 build/usbd_conf.o
                0x2000166c                hpcd_USB_OTG_FS
 .bss.mem.0     0x20001a74      0x220 build/usbd_conf.o
 .bss.uwTick    0x20001c94        0x4 build/stm32f4xx_hal.o
                0x20001c94                uwTick
 .bss.cfgidx.0  0x20001c98        0x1 build/usbd_ctlreq.o
 *fill*         0x20001c99        0x3 
 .bss._SEGGER_RTT
                0x20001c9c       0xa8 build/SEGGER_RTT.o
                0x20001c9c                _SEGGER_RTT
 .bss._acDownBuffer
                0x20001d44       0x10 build/SEGGER_RTT.o
 .bss._acUpBuffer
                0x20001d54      0x400 build/SEGGER_RTT.o
 *(COMMON)
                0x20002154                . = ALIGN (0x4)
                0x20002154                _ebss = .
                0x20002154                __bss_end__ = _ebss

._user_heap_stack
                0x20002154      0xe04
                0x20002158                . = ALIGN (0x8)
 *fill*         0x20002154        0x4 
                [!provide]                PROVIDE (end = .)
                [!provide]                PROVIDE (_end = .)
                0x20002758                . = (. + _Min_Heap_Size)
 *fill*         0x20002158      0x600 
                0x20002f58                . = (. + _Min_Stack_Size)
 *fill*         0x20002758      0x800 
                0x20002f58                . = ALIGN (0x8)

/DISCARD/
 libc.a(*)
 libm.a(*)
 libgcc.a(*)

.ARM.attributes
                0x00000000       0x30
 *(.ARM.attributes)
 .ARM.attributes
                0x00000000       0x1e d:/program files (x86)/gnu arm embedded toolchain/10 2021.07/bin/../lib/gcc/arm-none-eabi/10.3.1/thumb/v7e-m+fp/hard/crti.o
 .ARM.attributes
                0x0000001e       0x34 d:/program files (x86)/gnu arm embedded toolchain/10 2021.07/bin/../lib/gcc/arm-none-eabi/10.3.1/thumb/v7e-m+fp/hard/crtbegin.o
 .ARM.attributes
                0x00000052       0x34 build/main.o
 .ARM.attributes
                0x00000086       0x34 build/gpio.o
 .ARM.attributes
                0x000000ba       0x34 build/stm32f4xx_it.o
 .ARM.attributes
                0x000000ee       0x34 build/stm32f4xx_hal_msp.o
 .ARM.attributes
                0x00000122       0x34 build/usb_device.o
 .ARM.attributes
                0x00000156       0x34 build/usbd_desc.o
 .ARM.attributes
                0x0000018a       0x34 build/usbd_cdc_if.o
 .ARM.attributes
                0x000001be       0x34 build/usbd_conf.o
 .ARM.attributes
                0x000001f2       0x34 build/stm32f4xx_hal_pcd.o
 .ARM.attributes
                0x00000226       0x34 build/stm32f4xx_hal_pcd_ex.o
 .ARM.attributes
                0x0000025a       0x34 build/stm32f4xx_ll_usb.o
 .ARM.attributes
                0x0000028e       0x34 build/stm32f4xx_hal_rcc.o
 .ARM.attributes
                0x000002c2       0x34 build/stm32f4xx_hal_gpio.o
 .ARM.attributes
                0x000002f6       0x34 build/stm32f4xx_hal_cortex.o
 .ARM.attributes
                0x0000032a       0x34 build/stm32f4xx_hal.o
 .ARM.attributes
                0x0000035e       0x34 build/system_stm32f4xx.o
 .ARM.attributes
                0x00000392       0x34 build/usbd_core.o
 .ARM.attributes
                0x000003c6       0x34 build/usbd_ctlreq.o
 .ARM.attributes
                0x000003fa       0x34 build/usbd_ioreq.o
 .ARM.attributes
                0x0000042e       0x34 build/usbd_cdc.o
 .ARM.attributes
                0x00000462       0x34 build/SEGGER_RTT_printf.o
 .ARM.attributes
                0x00000496       0x34 build/SEGGER_RTT.o
 .ARM.attributes
                0x000004ca       0x21 build/startup_stm32f407xx.o
 .ARM.attributes
                0x000004eb       0x34 d:/program files (x86)/gnu arm embedded toolchain/10 2021.07/bin/../lib/gcc/arm-none-eabi/10.3.1/../../../../arm-none-eabi/lib/thumb/v7e-m+fp/hard\libc_nano.a(lib_a-init.o)
 .ARM.attributes
                0x0000051f       0x34 d:/program files (x86)/gnu arm embedded toolchain/10 2021.07/bin/../lib/gcc/arm-none-eabi/10.3.1/../../../../arm-none-eabi/lib/thumb/v7e-m+fp/hard\libc_nano.a(lib_a-memcpy-stub.o)
 .ARM.attributes
                0x00000553       0x34 d:/program files (x86)/gnu arm embedded toolchain/10 2021.07/bin/../lib/gcc/arm-none-eabi/10.3.1/../../../../arm-none-eabi/lib/thumb/v7e-m+fp/hard\libc_nano.a(lib_a-memset.o)
 .ARM.attributes
                0x00000587       0x1e d:/program files (x86)/gnu arm embedded toolchain/10 2021.07/bin/../lib/gcc/arm-none-eabi/10.3.1/thumb/v7e-m+fp/hard\libgcc.a(_aeabi_uldivmod.o)
 .ARM.attributes
                0x000005a5       0x34 d:/program files (x86)/gnu arm embedded toolchain/10 2021.07/bin/../lib/gcc/arm-none-eabi/10.3.1/thumb/v7e-m+fp/hard\libgcc.a(_udivmoddi4.o)
 .ARM.attributes
                0x000005d9       0x1e d:/program files (x86)/gnu arm embedded toolchain/10 2021.07/bin/../lib/gcc/arm-none-eabi/10.3.1/thumb/v7e-m+fp/hard\libgcc.a(_dvmd_tls.o)
 .ARM.attributes
                0x000005f7       0x1e d:/program files (x86)/gnu arm embedded toolchain/10 2021.07/bin/../lib/gcc/arm-none-eabi/10.3.1/thumb/v7e-m+fp/hard/crtn.o
OUTPUT(build/stm32f407zet6_makefile.elf elf32-littlearm)
LOAD linker stubs
LOAD d:/program files (x86)/gnu arm embedded toolchain/10 2021.07/bin/../lib/gcc/arm-none-eabi/10.3.1/../../../../arm-none-eabi/lib/thumb/v7e-m+fp/hard\libc.a
LOAD d:/program files (x86)/gnu arm embedded toolchain/10 2021.07/bin/../lib/gcc/arm-none-eabi/10.3.1/../../../../arm-none-eabi/lib/thumb/v7e-m+fp/hard\libm.a
LOAD d:/program files (x86)/gnu arm embedded toolchain/10 2021.07/bin/../lib/gcc/arm-none-eabi/10.3.1/thumb/v7e-m+fp/hard\libgcc.a

.debug_info     0x00000000    0x128a5
 .debug_info    0x00000000      0x6fa build/main.o
 .debug_info    0x000006fa      0x4c3 build/gpio.o
 .debug_info    0x00000bbd      0x6de build/stm32f4xx_it.o
 .debug_info    0x0000129b      0x2eb build/stm32f4xx_hal_msp.o
 .debug_info    0x00001586      0x7e4 build/usb_device.o
 .debug_info    0x00001d6a      0x641 build/usbd_desc.o
 .debug_info    0x000023ab      0xa4b build/usbd_cdc_if.o
 .debug_info    0x00002df6     0x2101 build/usbd_conf.o
 .debug_info    0x00004ef7     0x1b88 build/stm32f4xx_hal_pcd.o
 .debug_info    0x00006a7f      0x785 build/stm32f4xx_hal_pcd_ex.o
 .debug_info    0x00007204     0x20a8 build/stm32f4xx_ll_usb.o
 .debug_info    0x000092ac      0xbe6 build/stm32f4xx_hal_rcc.o
 .debug_info    0x00009e92      0x848 build/stm32f4xx_hal_gpio.o
 .debug_info    0x0000a6da     0x1174 build/stm32f4xx_hal_cortex.o
 .debug_info    0x0000b84e      0xacf build/stm32f4xx_hal.o
 .debug_info    0x0000c31d      0x5b3 build/system_stm32f4xx.o
 .debug_info    0x0000c8d0      0xf2f build/usbd_core.o
 .debug_info    0x0000d7ff     0x13b8 build/usbd_ctlreq.o
 .debug_info    0x0000ebb7      0x913 build/usbd_ioreq.o
 .debug_info    0x0000f4ca     0x1538 build/usbd_cdc.o
 .debug_info    0x00010a02      0x6e4 build/SEGGER_RTT_printf.o
 .debug_info    0x000110e6     0x179d build/SEGGER_RTT.o
 .debug_info    0x00012883       0x22 build/startup_stm32f407xx.o

.debug_abbrev   0x00000000     0x30d8
 .debug_abbrev  0x00000000      0x1f7 build/main.o
 .debug_abbrev  0x000001f7      0x151 build/gpio.o
 .debug_abbrev  0x00000348      0x17c build/stm32f4xx_it.o
 .debug_abbrev  0x000004c4       0xd3 build/stm32f4xx_hal_msp.o
 .debug_abbrev  0x00000597      0x199 build/usb_device.o
 .debug_abbrev  0x00000730      0x1eb build/usbd_desc.o
 .debug_abbrev  0x0000091b      0x2cc build/usbd_cdc_if.o
 .debug_abbrev  0x00000be7      0x2db build/usbd_conf.o
 .debug_abbrev  0x00000ec2      0x2c2 build/stm32f4xx_hal_pcd.o
 .debug_abbrev  0x00001184      0x1c5 build/stm32f4xx_hal_pcd_ex.o
 .debug_abbrev  0x00001349      0x2f9 build/stm32f4xx_ll_usb.o
 .debug_abbrev  0x00001642      0x2aa build/stm32f4xx_hal_rcc.o
 .debug_abbrev  0x000018ec      0x22b build/stm32f4xx_hal_gpio.o
 .debug_abbrev  0x00001b17      0x382 build/stm32f4xx_hal_cortex.o
 .debug_abbrev  0x00001e99      0x209 build/stm32f4xx_hal.o
 .debug_abbrev  0x000020a2      0x11b build/system_stm32f4xx.o
 .debug_abbrev  0x000021bd      0x27e build/usbd_core.o
 .debug_abbrev  0x0000243b      0x369 build/usbd_ctlreq.o
 .debug_abbrev  0x000027a4      0x187 build/usbd_ioreq.o
 .debug_abbrev  0x0000292b      0x2f9 build/usbd_cdc.o
 .debug_abbrev  0x00002c24      0x1fb build/SEGGER_RTT_printf.o
 .debug_abbrev  0x00002e1f      0x2a7 build/SEGGER_RTT.o
 .debug_abbrev  0x000030c6       0x12 build/startup_stm32f407xx.o

.debug_loc      0x00000000     0xcf59
 .debug_loc     0x00000000       0x95 build/main.o
 .debug_loc     0x00000095       0x38 build/gpio.o
 .debug_loc     0x000000cd       0x40 build/stm32f4xx_it.o
 .debug_loc     0x0000010d       0x2c build/stm32f4xx_hal_msp.o
 .debug_loc     0x00000139       0x20 build/usb_device.o
 .debug_loc     0x00000159      0x47b build/usbd_desc.o
 .debug_loc     0x000005d4      0x1bc build/usbd_cdc_if.o
 .debug_loc     0x00000790      0xf26 build/usbd_conf.o
 .debug_loc     0x000016b6     0x1539 build/stm32f4xx_hal_pcd.o
 .debug_loc     0x00002bef      0x116 build/stm32f4xx_hal_pcd_ex.o
 .debug_loc     0x00002d05     0x2a0e build/stm32f4xx_ll_usb.o
 .debug_loc     0x00005713      0x6e4 build/stm32f4xx_hal_rcc.o
 .debug_loc     0x00005df7      0x5e8 build/stm32f4xx_hal_gpio.o
 .debug_loc     0x000063df      0x7a4 build/stm32f4xx_hal_cortex.o
 .debug_loc     0x00006b83      0x1e1 build/stm32f4xx_hal.o
 .debug_loc     0x00006d64      0x158 build/system_stm32f4xx.o
 .debug_loc     0x00006ebc      0xdea build/usbd_core.o
 .debug_loc     0x00007ca6     0x188d build/usbd_ctlreq.o
 .debug_loc     0x00009533      0x398 build/usbd_ioreq.o
 .debug_loc     0x000098cb      0xb08 build/usbd_cdc.o
 .debug_loc     0x0000a3d3      0x85f build/SEGGER_RTT_printf.o
 .debug_loc     0x0000ac32     0x2327 build/SEGGER_RTT.o

.debug_aranges  0x00000000      0xbf0
 .debug_aranges
                0x00000000       0x30 build/main.o
 .debug_aranges
                0x00000030       0x20 build/gpio.o
 .debug_aranges
                0x00000050       0x68 build/stm32f4xx_it.o
 .debug_aranges
                0x000000b8       0x20 build/stm32f4xx_hal_msp.o
 .debug_aranges
                0x000000d8       0x20 build/usb_device.o
 .debug_aranges
                0x000000f8       0x60 build/usbd_desc.o
 .debug_aranges
                0x00000158       0x48 build/usbd_cdc_if.o
 .debug_aranges
                0x000001a0      0x110 build/usbd_conf.o
 .debug_aranges
                0x000002b0      0x138 build/stm32f4xx_hal_pcd.o
 .debug_aranges
                0x000003e8       0x38 build/stm32f4xx_hal_pcd_ex.o
 .debug_aranges
                0x00000420      0x198 build/stm32f4xx_ll_usb.o
 .debug_aranges
                0x000005b8       0x88 build/stm32f4xx_hal_rcc.o
 .debug_aranges
                0x00000640       0x58 build/stm32f4xx_hal_gpio.o
 .debug_aranges
                0x00000698       0xa8 build/stm32f4xx_hal_cortex.o
 .debug_aranges
                0x00000740       0xf0 build/stm32f4xx_hal.o
 .debug_aranges
                0x00000830       0x28 build/system_stm32f4xx.o
 .debug_aranges
                0x00000858       0xb8 build/usbd_core.o
 .debug_aranges
                0x00000910       0x88 build/usbd_ctlreq.o
 .debug_aranges
                0x00000998       0x50 build/usbd_ioreq.o
 .debug_aranges
                0x000009e8       0x90 build/usbd_cdc.o
 .debug_aranges
                0x00000a78       0x40 build/SEGGER_RTT_printf.o
 .debug_aranges
                0x00000ab8      0x110 build/SEGGER_RTT.o
 .debug_aranges
                0x00000bc8       0x28 build/startup_stm32f407xx.o

.debug_ranges   0x00000000      0xba0
 .debug_ranges  0x00000000       0x20 build/main.o
 .debug_ranges  0x00000020       0x10 build/gpio.o
 .debug_ranges  0x00000030       0x58 build/stm32f4xx_it.o
 .debug_ranges  0x00000088       0x10 build/stm32f4xx_hal_msp.o
 .debug_ranges  0x00000098       0x10 build/usb_device.o
 .debug_ranges  0x000000a8       0x50 build/usbd_desc.o
 .debug_ranges  0x000000f8       0x38 build/usbd_cdc_if.o
 .debug_ranges  0x00000130      0x100 build/usbd_conf.o
 .debug_ranges  0x00000230      0x128 build/stm32f4xx_hal_pcd.o
 .debug_ranges  0x00000358       0x28 build/stm32f4xx_hal_pcd_ex.o
 .debug_ranges  0x00000380      0x188 build/stm32f4xx_ll_usb.o
 .debug_ranges  0x00000508       0x90 build/stm32f4xx_hal_rcc.o
 .debug_ranges  0x00000598       0x48 build/stm32f4xx_hal_gpio.o
 .debug_ranges  0x000005e0       0xf8 build/stm32f4xx_hal_cortex.o
 .debug_ranges  0x000006d8       0xe0 build/stm32f4xx_hal.o
 .debug_ranges  0x000007b8       0x18 build/system_stm32f4xx.o
 .debug_ranges  0x000007d0       0xa8 build/usbd_core.o
 .debug_ranges  0x00000878       0x78 build/usbd_ctlreq.o
 .debug_ranges  0x000008f0       0x40 build/usbd_ioreq.o
 .debug_ranges  0x00000930       0x80 build/usbd_cdc.o
 .debug_ranges  0x000009b0       0x30 build/SEGGER_RTT_printf.o
 .debug_ranges  0x000009e0      0x1a0 build/SEGGER_RTT.o
 .debug_ranges  0x00000b80       0x20 build/startup_stm32f407xx.o

.debug_line     0x00000000     0xa5a4
 .debug_line    0x00000000      0x376 build/main.o
 .debug_line    0x00000376      0x1ca build/gpio.o
 .debug_line    0x00000540      0x2e2 build/stm32f4xx_it.o
 .debug_line    0x00000822      0x16f build/stm32f4xx_hal_msp.o
 .debug_line    0x00000991      0x221 build/usb_device.o
 .debug_line    0x00000bb2      0x371 build/usbd_desc.o
 .debug_line    0x00000f23      0x278 build/usbd_cdc_if.o
 .debug_line    0x0000119b      0x82b build/usbd_conf.o
 .debug_line    0x000019c6     0x1368 build/stm32f4xx_hal_pcd.o
 .debug_line    0x00002d2e      0x2c9 build/stm32f4xx_hal_pcd_ex.o
 .debug_line    0x00002ff7     0x1ca1 build/stm32f4xx_ll_usb.o
 .debug_line    0x00004c98      0xb24 build/stm32f4xx_hal_rcc.o
 .debug_line    0x000057bc      0x6f5 build/stm32f4xx_hal_gpio.o
 .debug_line    0x00005eb1      0x78c build/stm32f4xx_hal_cortex.o
 .debug_line    0x0000663d      0x579 build/stm32f4xx_hal.o
 .debug_line    0x00006bb6      0x264 build/system_stm32f4xx.o
 .debug_line    0x00006e1a      0x872 build/usbd_core.o
 .debug_line    0x0000768c      0xcb2 build/usbd_ctlreq.o
 .debug_line    0x0000833e      0x2be build/usbd_ioreq.o
 .debug_line    0x000085fc      0x889 build/usbd_cdc.o
 .debug_line    0x00008e85      0x643 build/SEGGER_RTT_printf.o
 .debug_line    0x000094c8     0x1066 build/SEGGER_RTT.o
 .debug_line    0x0000a52e       0x76 build/startup_stm32f407xx.o

.debug_str      0x00000000     0x39c3
 .debug_str     0x00000000      0x445 build/main.o
                                0x49b (size before relaxing)
 .debug_str     0x00000445       0xb9 build/gpio.o
                                0x357 (size before relaxing)
 .debug_str     0x000004fe      0x441 build/stm32f4xx_it.o
                                0x608 (size before relaxing)
 .debug_str     0x0000093f       0x29 build/stm32f4xx_hal_msp.o
                                0x2a6 (size before relaxing)
 .debug_str     0x00000968      0x408 build/usb_device.o
                                0x67a (size before relaxing)
 .debug_str     0x00000d70      0x181 build/usbd_desc.o
                                0x449 (size before relaxing)
 .debug_str     0x00000ef1      0x14f build/usbd_cdc_if.o
                                0x75b (size before relaxing)
 .debug_str     0x00001040      0xa96 build/usbd_conf.o
                               0x154d (size before relaxing)
 .debug_str     0x00001ad6      0x58e build/stm32f4xx_hal_pcd.o
                                0xd46 (size before relaxing)
 .debug_str     0x00002064      0x125 build/stm32f4xx_hal_pcd_ex.o
                                0x6e9 (size before relaxing)
 .debug_str     0x00002189      0x449 build/stm32f4xx_ll_usb.o
                                0xc5f (size before relaxing)
 .debug_str     0x000025d2      0x21b build/stm32f4xx_hal_rcc.o
                                0x6f1 (size before relaxing)
 .debug_str     0x000027ed      0x103 build/stm32f4xx_hal_gpio.o
                                0x4cb (size before relaxing)
 .debug_str     0x000028f0      0x48d build/stm32f4xx_hal_cortex.o
                                0xc17 (size before relaxing)
 .debug_str     0x00002d7d      0x295 build/stm32f4xx_hal.o
                                0xb45 (size before relaxing)
 .debug_str     0x00003012       0x47 build/system_stm32f4xx.o
                                0x360 (size before relaxing)
 .debug_str     0x00003059      0x13e build/usbd_core.o
                                0x858 (size before relaxing)
 .debug_str     0x00003197      0x109 build/usbd_ctlreq.o
                                0x7aa (size before relaxing)
 .debug_str     0x000032a0       0x60 build/usbd_ioreq.o
                                0x69f (size before relaxing)
 .debug_str     0x00003300      0x189 build/usbd_cdc.o
                                0xc81 (size before relaxing)
 .debug_str     0x00003489      0x115 build/SEGGER_RTT_printf.o
                                0x2d0 (size before relaxing)
 .debug_str     0x0000359e      0x401 build/SEGGER_RTT.o
                                0x5c1 (size before relaxing)
 .debug_str     0x0000399f       0x24 build/startup_stm32f407xx.o
                                 0x55 (size before relaxing)

.comment        0x00000000       0x49
 .comment       0x00000000       0x49 build/main.o
                                 0x4a (size before relaxing)
 .comment       0x00000049       0x4a build/gpio.o
 .comment       0x00000049       0x4a build/stm32f4xx_it.o
 .comment       0x00000049       0x4a build/stm32f4xx_hal_msp.o
 .comment       0x00000049       0x4a build/usb_device.o
 .comment       0x00000049       0x4a build/usbd_desc.o
 .comment       0x00000049       0x4a build/usbd_cdc_if.o
 .comment       0x00000049       0x4a build/usbd_conf.o
 .comment       0x00000049       0x4a build/stm32f4xx_hal_pcd.o
 .comment       0x00000049       0x4a build/stm32f4xx_hal_pcd_ex.o
 .comment       0x00000049       0x4a build/stm32f4xx_ll_usb.o
 .comment       0x00000049       0x4a build/stm32f4xx_hal_rcc.o
 .comment       0x00000049       0x4a build/stm32f4xx_hal_gpio.o
 .comment       0x00000049       0x4a build/stm32f4xx_hal_cortex.o
 .comment       0x00000049       0x4a build/stm32f4xx_hal.o
 .comment       0x00000049       0x4a build/system_stm32f4xx.o
 .comment       0x00000049       0x4a build/usbd_core.o
 .comment       0x00000049       0x4a build/usbd_ctlreq.o
 .comment       0x00000049       0x4a build/usbd_ioreq.o
 .comment       0x00000049       0x4a build/usbd_cdc.o
 .comment       0x00000049       0x4a build/SEGGER_RTT_printf.o
 .comment       0x00000049       0x4a build/SEGGER_RTT.o

.debug_frame    0x00000000     0x1e9c
 .debug_frame   0x00000000       0x5c build/main.o
 .debug_frame   0x0000005c       0x30 build/gpio.o
 .debug_frame   0x0000008c       0xc0 build/stm32f4xx_it.o
 .debug_frame   0x0000014c       0x28 build/stm32f4xx_hal_msp.o
 .debug_frame   0x00000174       0x28 build/usb_device.o
 .debug_frame   0x0000019c       0xe0 build/usbd_desc.o
 .debug_frame   0x0000027c       0x88 build/usbd_cdc_if.o
 .debug_frame   0x00000304      0x2e4 build/usbd_conf.o
 .debug_frame   0x000005e8      0x358 build/stm32f4xx_hal_pcd.o
 .debug_frame   0x00000940       0x5c build/stm32f4xx_hal_pcd_ex.o
 .debug_frame   0x0000099c      0x470 build/stm32f4xx_ll_usb.o
 .debug_frame   0x00000e0c      0x16c build/stm32f4xx_hal_rcc.o
 .debug_frame   0x00000f78       0xd8 build/stm32f4xx_hal_gpio.o
 .debug_frame   0x00001050      0x148 build/stm32f4xx_hal_cortex.o
 .debug_frame   0x00001198      0x1ec build/stm32f4xx_hal.o
 .debug_frame   0x00001384       0x30 build/system_stm32f4xx.o
 .debug_frame   0x000013b4      0x210 build/usbd_core.o
 .debug_frame   0x000015c4      0x180 build/usbd_ctlreq.o
 .debug_frame   0x00001744       0xb8 build/usbd_ioreq.o
 .debug_frame   0x000017fc      0x160 build/usbd_cdc.o
 .debug_frame   0x0000195c       0xd4 build/SEGGER_RTT_printf.o
 .debug_frame   0x00001a30      0x398 build/SEGGER_RTT.o
 .debug_frame   0x00001dc8       0x2c d:/program files (x86)/gnu arm embedded toolchain/10 2021.07/bin/../lib/gcc/arm-none-eabi/10.3.1/../../../../arm-none-eabi/lib/thumb/v7e-m+fp/hard\libc_nano.a(lib_a-init.o)
 .debug_frame   0x00001df4       0x28 d:/program files (x86)/gnu arm embedded toolchain/10 2021.07/bin/../lib/gcc/arm-none-eabi/10.3.1/../../../../arm-none-eabi/lib/thumb/v7e-m+fp/hard\libc_nano.a(lib_a-memcpy-stub.o)
 .debug_frame   0x00001e1c       0x20 d:/program files (x86)/gnu arm embedded toolchain/10 2021.07/bin/../lib/gcc/arm-none-eabi/10.3.1/../../../../arm-none-eabi/lib/thumb/v7e-m+fp/hard\libc_nano.a(lib_a-memset.o)
 .debug_frame   0x00001e3c       0x2c d:/program files (x86)/gnu arm embedded toolchain/10 2021.07/bin/../lib/gcc/arm-none-eabi/10.3.1/thumb/v7e-m+fp/hard\libgcc.a(_aeabi_uldivmod.o)
 .debug_frame   0x00001e68       0x34 d:/program files (x86)/gnu arm embedded toolchain/10 2021.07/bin/../lib/gcc/arm-none-eabi/10.3.1/thumb/v7e-m+fp/hard\libgcc.a(_udivmoddi4.o)

Cross Reference Table

Symbol                                            File
ADC_IRQHandler                                    build/startup_stm32f407xx.o
AHBPrescTable                                     build/system_stm32f4xx.o
                                                  build/stm32f4xx_hal_rcc.o
APBPrescTable                                     build/system_stm32f4xx.o
                                                  build/stm32f4xx_hal_rcc.o
BusFault_Handler                                  build/stm32f4xx_it.o
CAN1_RX0_IRQHandler                               build/startup_stm32f407xx.o
CAN1_RX1_IRQHandler                               build/startup_stm32f407xx.o
CAN1_SCE_IRQHandler                               build/startup_stm32f407xx.o
CAN1_TX_IRQHandler                                build/startup_stm32f407xx.o
CAN2_RX0_IRQHandler                               build/startup_stm32f407xx.o
CAN2_RX1_IRQHandler                               build/startup_stm32f407xx.o
CAN2_SCE_IRQHandler                               build/startup_stm32f407xx.o
CAN2_TX_IRQHandler                                build/startup_stm32f407xx.o
CDC_Transmit_FS                                   build/usbd_cdc_if.o
DCMI_IRQHandler                                   build/startup_stm32f407xx.o
DMA1_Stream0_IRQHandler                           build/startup_stm32f407xx.o
DMA1_Stream1_IRQHandler                           build/startup_stm32f407xx.o
DMA1_Stream2_IRQHandler                           build/startup_stm32f407xx.o
DMA1_Stream3_IRQHandler                           build/startup_stm32f407xx.o
DMA1_Stream4_IRQHandler                           build/startup_stm32f407xx.o
DMA1_Stream5_IRQHandler                           build/startup_stm32f407xx.o
DMA1_Stream6_IRQHandler                           build/startup_stm32f407xx.o
DMA1_Stream7_IRQHandler                           build/startup_stm32f407xx.o
DMA2_Stream0_IRQHandler                           build/startup_stm32f407xx.o
DMA2_Stream1_IRQHandler                           build/startup_stm32f407xx.o
DMA2_Stream2_IRQHandler                           build/startup_stm32f407xx.o
DMA2_Stream3_IRQHandler                           build/startup_stm32f407xx.o
DMA2_Stream4_IRQHandler                           build/startup_stm32f407xx.o
DMA2_Stream5_IRQHandler                           build/startup_stm32f407xx.o
DMA2_Stream6_IRQHandler                           build/startup_stm32f407xx.o
DMA2_Stream7_IRQHandler                           build/startup_stm32f407xx.o
DebugMon_Handler                                  build/stm32f4xx_it.o
Default_Handler                                   build/startup_stm32f407xx.o
ETH_IRQHandler                                    build/startup_stm32f407xx.o
ETH_WKUP_IRQHandler                               build/startup_stm32f407xx.o
EXTI0_IRQHandler                                  build/startup_stm32f407xx.o
EXTI15_10_IRQHandler                              build/startup_stm32f407xx.o
EXTI1_IRQHandler                                  build/startup_stm32f407xx.o
EXTI2_IRQHandler                                  build/startup_stm32f407xx.o
EXTI3_IRQHandler                                  build/startup_stm32f407xx.o
EXTI4_IRQHandler                                  build/startup_stm32f407xx.o
EXTI9_5_IRQHandler                                build/startup_stm32f407xx.o
Error_Handler                                     build/main.o
                                                  build/usbd_conf.o
                                                  build/usb_device.o
FLASH_Erase_Sector                                build/stm32f4xx_hal_flash_ex.o
                                                  build/stm32f4xx_hal_flash.o
FLASH_FlushCaches                                 build/stm32f4xx_hal_flash_ex.o
                                                  build/stm32f4xx_hal_flash.o
FLASH_IRQHandler                                  build/startup_stm32f407xx.o
FLASH_WaitForLastOperation                        build/stm32f4xx_hal_flash.o
                                                  build/stm32f4xx_hal_flash_ex.o
FPU_IRQHandler                                    build/startup_stm32f407xx.o
FSMC_IRQHandler                                   build/startup_stm32f407xx.o
FS_Desc                                           build/usbd_desc.o
                                                  build/usb_device.o
HAL_DBGMCU_DisableDBGSleepMode                    build/stm32f4xx_hal.o
HAL_DBGMCU_DisableDBGStandbyMode                  build/stm32f4xx_hal.o
HAL_DBGMCU_DisableDBGStopMode                     build/stm32f4xx_hal.o
HAL_DBGMCU_EnableDBGSleepMode                     build/stm32f4xx_hal.o
HAL_DBGMCU_EnableDBGStandbyMode                   build/stm32f4xx_hal.o
HAL_DBGMCU_EnableDBGStopMode                      build/stm32f4xx_hal.o
HAL_DMAEx_ChangeMemory                            build/stm32f4xx_hal_dma_ex.o
HAL_DMAEx_MultiBufferStart                        build/stm32f4xx_hal_dma_ex.o
HAL_DMAEx_MultiBufferStart_IT                     build/stm32f4xx_hal_dma_ex.o
HAL_DMA_Abort                                     build/stm32f4xx_hal_dma.o
HAL_DMA_Abort_IT                                  build/stm32f4xx_hal_dma.o
HAL_DMA_DeInit                                    build/stm32f4xx_hal_dma.o
HAL_DMA_GetError                                  build/stm32f4xx_hal_dma.o
HAL_DMA_GetState                                  build/stm32f4xx_hal_dma.o
HAL_DMA_IRQHandler                                build/stm32f4xx_hal_dma.o
HAL_DMA_Init                                      build/stm32f4xx_hal_dma.o
HAL_DMA_PollForTransfer                           build/stm32f4xx_hal_dma.o
HAL_DMA_RegisterCallback                          build/stm32f4xx_hal_dma.o
HAL_DMA_Start                                     build/stm32f4xx_hal_dma.o
HAL_DMA_Start_IT                                  build/stm32f4xx_hal_dma.o
HAL_DMA_UnRegisterCallback                        build/stm32f4xx_hal_dma.o
HAL_DeInit                                        build/stm32f4xx_hal.o
HAL_Delay                                         build/stm32f4xx_hal.o
                                                  build/stm32f4xx_ll_usb.o
                                                  build/usbd_conf.o
                                                  build/main.o
HAL_DisableCompensationCell                       build/stm32f4xx_hal.o
HAL_EXTI_ClearConfigLine                          build/stm32f4xx_hal_exti.o
HAL_EXTI_ClearPending                             build/stm32f4xx_hal_exti.o
HAL_EXTI_GenerateSWI                              build/stm32f4xx_hal_exti.o
HAL_EXTI_GetConfigLine                            build/stm32f4xx_hal_exti.o
HAL_EXTI_GetHandle                                build/stm32f4xx_hal_exti.o
HAL_EXTI_GetPending                               build/stm32f4xx_hal_exti.o
HAL_EXTI_IRQHandler                               build/stm32f4xx_hal_exti.o
HAL_EXTI_RegisterCallback                         build/stm32f4xx_hal_exti.o
HAL_EXTI_SetConfigLine                            build/stm32f4xx_hal_exti.o
HAL_EnableCompensationCell                        build/stm32f4xx_hal.o
HAL_FLASHEx_Erase                                 build/stm32f4xx_hal_flash_ex.o
HAL_FLASHEx_Erase_IT                              build/stm32f4xx_hal_flash_ex.o
HAL_FLASHEx_OBGetConfig                           build/stm32f4xx_hal_flash_ex.o
HAL_FLASHEx_OBProgram                             build/stm32f4xx_hal_flash_ex.o
HAL_FLASH_EndOfOperationCallback                  build/stm32f4xx_hal_flash.o
HAL_FLASH_GetError                                build/stm32f4xx_hal_flash.o
HAL_FLASH_IRQHandler                              build/stm32f4xx_hal_flash.o
HAL_FLASH_Lock                                    build/stm32f4xx_hal_flash.o
HAL_FLASH_OB_Launch                               build/stm32f4xx_hal_flash.o
HAL_FLASH_OB_Lock                                 build/stm32f4xx_hal_flash.o
HAL_FLASH_OB_Unlock                               build/stm32f4xx_hal_flash.o
HAL_FLASH_OperationErrorCallback                  build/stm32f4xx_hal_flash.o
HAL_FLASH_Program                                 build/stm32f4xx_hal_flash.o
HAL_FLASH_Program_IT                              build/stm32f4xx_hal_flash.o
HAL_FLASH_Unlock                                  build/stm32f4xx_hal_flash.o
HAL_GPIO_DeInit                                   build/stm32f4xx_hal_gpio.o
                                                  build/usbd_conf.o
HAL_GPIO_EXTI_Callback                            build/stm32f4xx_hal_gpio.o
HAL_GPIO_EXTI_IRQHandler                          build/stm32f4xx_hal_gpio.o
HAL_GPIO_Init                                     build/stm32f4xx_hal_gpio.o
                                                  build/stm32f4xx_hal_rcc.o
                                                  build/usbd_conf.o
                                                  build/gpio.o
HAL_GPIO_LockPin                                  build/stm32f4xx_hal_gpio.o
HAL_GPIO_ReadPin                                  build/stm32f4xx_hal_gpio.o
HAL_GPIO_TogglePin                                build/stm32f4xx_hal_gpio.o
HAL_GPIO_WritePin                                 build/stm32f4xx_hal_gpio.o
                                                  build/gpio.o
HAL_GetDEVID                                      build/stm32f4xx_hal.o
HAL_GetHalVersion                                 build/stm32f4xx_hal.o
HAL_GetREVID                                      build/stm32f4xx_hal.o
HAL_GetTick                                       build/stm32f4xx_hal.o
                                                  build/stm32f4xx_hal_pwr_ex.o
                                                  build/stm32f4xx_hal_dma.o
                                                  build/stm32f4xx_hal_flash.o
                                                  build/stm32f4xx_hal_rcc_ex.o
                                                  build/stm32f4xx_hal_rcc.o
HAL_GetTickFreq                                   build/stm32f4xx_hal.o
HAL_GetTickPrio                                   build/stm32f4xx_hal.o
HAL_GetUIDw0                                      build/stm32f4xx_hal.o
HAL_GetUIDw1                                      build/stm32f4xx_hal.o
HAL_GetUIDw2                                      build/stm32f4xx_hal.o
HAL_IncTick                                       build/stm32f4xx_hal.o
                                                  build/stm32f4xx_it.o
HAL_Init                                          build/stm32f4xx_hal.o
                                                  build/main.o
HAL_InitTick                                      build/stm32f4xx_hal.o
                                                  build/stm32f4xx_hal_rcc_ex.o
                                                  build/stm32f4xx_hal_rcc.o
HAL_MPU_ConfigRegion                              build/stm32f4xx_hal_cortex.o
HAL_MPU_Disable                                   build/stm32f4xx_hal_cortex.o
HAL_MPU_Enable                                    build/stm32f4xx_hal_cortex.o
HAL_MspDeInit                                     build/stm32f4xx_hal.o
HAL_MspInit                                       build/stm32f4xx_hal_msp.o
HAL_NVIC_ClearPendingIRQ                          build/stm32f4xx_hal_cortex.o
HAL_NVIC_DisableIRQ                               build/stm32f4xx_hal_cortex.o
                                                  build/usbd_conf.o
HAL_NVIC_EnableIRQ                                build/stm32f4xx_hal_cortex.o
                                                  build/usbd_conf.o
HAL_NVIC_GetActive                                build/stm32f4xx_hal_cortex.o
HAL_NVIC_GetPendingIRQ                            build/stm32f4xx_hal_cortex.o
HAL_NVIC_GetPriority                              build/stm32f4xx_hal_cortex.o
HAL_NVIC_GetPriorityGrouping                      build/stm32f4xx_hal_cortex.o
HAL_NVIC_SetPendingIRQ                            build/stm32f4xx_hal_cortex.o
HAL_NVIC_SetPriority                              build/stm32f4xx_hal_cortex.o
                                                  build/stm32f4xx_hal.o
                                                  build/usbd_conf.o
HAL_NVIC_SetPriorityGrouping                      build/stm32f4xx_hal_cortex.o
                                                  build/stm32f4xx_hal.o
HAL_NVIC_SystemReset                              build/stm32f4xx_hal_cortex.o
HAL_PCDEx_BCD_Callback                            build/stm32f4xx_hal_pcd_ex.o
HAL_PCDEx_LPM_Callback                            build/stm32f4xx_hal_pcd_ex.o
                                                  build/stm32f4xx_hal_pcd.o
HAL_PCDEx_SetRxFiFo                               build/stm32f4xx_hal_pcd_ex.o
                                                  build/usbd_conf.o
HAL_PCDEx_SetTxFiFo                               build/stm32f4xx_hal_pcd_ex.o
                                                  build/usbd_conf.o
HAL_PCD_ActivateRemoteWakeup                      build/stm32f4xx_hal_pcd.o
HAL_PCD_ConnectCallback                           build/usbd_conf.o
HAL_PCD_DataInStageCallback                       build/usbd_conf.o
HAL_PCD_DataOutStageCallback                      build/usbd_conf.o
HAL_PCD_DeActivateRemoteWakeup                    build/stm32f4xx_hal_pcd.o
HAL_PCD_DeInit                                    build/stm32f4xx_hal_pcd.o
                                                  build/usbd_conf.o
HAL_PCD_DevConnect                                build/stm32f4xx_hal_pcd.o
HAL_PCD_DevDisconnect                             build/stm32f4xx_hal_pcd.o
HAL_PCD_DisconnectCallback                        build/usbd_conf.o
HAL_PCD_EP_Close                                  build/stm32f4xx_hal_pcd.o
                                                  build/usbd_conf.o
HAL_PCD_EP_ClrStall                               build/stm32f4xx_hal_pcd.o
                                                  build/usbd_conf.o
HAL_PCD_EP_Flush                                  build/stm32f4xx_hal_pcd.o
                                                  build/usbd_conf.o
HAL_PCD_EP_GetRxCount                             build/stm32f4xx_hal_pcd.o
                                                  build/usbd_conf.o
HAL_PCD_EP_Open                                   build/stm32f4xx_hal_pcd.o
                                                  build/usbd_conf.o
HAL_PCD_EP_Receive                                build/stm32f4xx_hal_pcd.o
                                                  build/usbd_conf.o
HAL_PCD_EP_SetStall                               build/stm32f4xx_hal_pcd.o
                                                  build/usbd_conf.o
HAL_PCD_EP_Transmit                               build/stm32f4xx_hal_pcd.o
                                                  build/usbd_conf.o
HAL_PCD_GetState                                  build/stm32f4xx_hal_pcd.o
HAL_PCD_IRQHandler                                build/stm32f4xx_hal_pcd.o
                                                  build/stm32f4xx_it.o
HAL_PCD_ISOINIncompleteCallback                   build/usbd_conf.o
HAL_PCD_ISOOUTIncompleteCallback                  build/usbd_conf.o
HAL_PCD_Init                                      build/stm32f4xx_hal_pcd.o
                                                  build/usbd_conf.o
HAL_PCD_MspDeInit                                 build/usbd_conf.o
HAL_PCD_MspInit                                   build/usbd_conf.o
HAL_PCD_ResetCallback                             build/usbd_conf.o
HAL_PCD_ResumeCallback                            build/usbd_conf.o
HAL_PCD_SOFCallback                               build/usbd_conf.o
HAL_PCD_SetAddress                                build/stm32f4xx_hal_pcd.o
                                                  build/usbd_conf.o
HAL_PCD_SetupStageCallback                        build/usbd_conf.o
HAL_PCD_Start                                     build/stm32f4xx_hal_pcd.o
                                                  build/usbd_conf.o
HAL_PCD_Stop                                      build/stm32f4xx_hal_pcd.o
                                                  build/usbd_conf.o
HAL_PCD_SuspendCallback                           build/usbd_conf.o
HAL_PCD_WKUP_IRQHandler                           build/stm32f4xx_hal_pcd.o
HAL_PWREx_ControlVoltageScaling                   build/stm32f4xx_hal_pwr_ex.o
HAL_PWREx_DisableBkUpReg                          build/stm32f4xx_hal_pwr_ex.o
HAL_PWREx_DisableFlashPowerDown                   build/stm32f4xx_hal_pwr_ex.o
HAL_PWREx_EnableBkUpReg                           build/stm32f4xx_hal_pwr_ex.o
HAL_PWREx_EnableFlashPowerDown                    build/stm32f4xx_hal_pwr_ex.o
HAL_PWREx_GetVoltageRange                         build/stm32f4xx_hal_pwr_ex.o
HAL_PWR_ConfigPVD                                 build/stm32f4xx_hal_pwr.o
HAL_PWR_DeInit                                    build/stm32f4xx_hal_pwr.o
HAL_PWR_DisableBkUpAccess                         build/stm32f4xx_hal_pwr.o
HAL_PWR_DisablePVD                                build/stm32f4xx_hal_pwr.o
HAL_PWR_DisableSEVOnPend                          build/stm32f4xx_hal_pwr.o
HAL_PWR_DisableSleepOnExit                        build/stm32f4xx_hal_pwr.o
HAL_PWR_DisableWakeUpPin                          build/stm32f4xx_hal_pwr.o
HAL_PWR_EnableBkUpAccess                          build/stm32f4xx_hal_pwr.o
HAL_PWR_EnablePVD                                 build/stm32f4xx_hal_pwr.o
HAL_PWR_EnableSEVOnPend                           build/stm32f4xx_hal_pwr.o
HAL_PWR_EnableSleepOnExit                         build/stm32f4xx_hal_pwr.o
HAL_PWR_EnableWakeUpPin                           build/stm32f4xx_hal_pwr.o
HAL_PWR_EnterSLEEPMode                            build/stm32f4xx_hal_pwr.o
HAL_PWR_EnterSTANDBYMode                          build/stm32f4xx_hal_pwr.o
HAL_PWR_EnterSTOPMode                             build/stm32f4xx_hal_pwr.o
HAL_PWR_PVDCallback                               build/stm32f4xx_hal_pwr.o
HAL_PWR_PVD_IRQHandler                            build/stm32f4xx_hal_pwr.o
HAL_RCCEx_DisablePLLI2S                           build/stm32f4xx_hal_rcc_ex.o
HAL_RCCEx_EnablePLLI2S                            build/stm32f4xx_hal_rcc_ex.o
HAL_RCCEx_GetPeriphCLKConfig                      build/stm32f4xx_hal_rcc_ex.o
HAL_RCCEx_GetPeriphCLKFreq                        build/stm32f4xx_hal_rcc_ex.o
HAL_RCCEx_PeriphCLKConfig                         build/stm32f4xx_hal_rcc_ex.o
HAL_RCC_CSSCallback                               build/stm32f4xx_hal_rcc.o
HAL_RCC_ClockConfig                               build/stm32f4xx_hal_rcc.o
                                                  build/main.o
HAL_RCC_DeInit                                    build/stm32f4xx_hal_rcc_ex.o
                                                  build/stm32f4xx_hal_rcc.o
HAL_RCC_DisableCSS                                build/stm32f4xx_hal_rcc.o
HAL_RCC_EnableCSS                                 build/stm32f4xx_hal_rcc.o
HAL_RCC_GetClockConfig                            build/stm32f4xx_hal_rcc.o
HAL_RCC_GetHCLKFreq                               build/stm32f4xx_hal_rcc.o
                                                  build/stm32f4xx_hal_pcd.o
HAL_RCC_GetOscConfig                              build/stm32f4xx_hal_rcc.o
HAL_RCC_GetPCLK1Freq                              build/stm32f4xx_hal_rcc.o
HAL_RCC_GetPCLK2Freq                              build/stm32f4xx_hal_rcc.o
HAL_RCC_GetSysClockFreq                           build/stm32f4xx_hal_rcc.o
HAL_RCC_MCOConfig                                 build/stm32f4xx_hal_rcc.o
HAL_RCC_NMI_IRQHandler                            build/stm32f4xx_hal_rcc.o
HAL_RCC_OscConfig                                 build/stm32f4xx_hal_rcc.o
                                                  build/main.o
HAL_ResumeTick                                    build/stm32f4xx_hal.o
HAL_SYSTICK_CLKSourceConfig                       build/stm32f4xx_hal_cortex.o
HAL_SYSTICK_Callback                              build/stm32f4xx_hal_cortex.o
HAL_SYSTICK_Config                                build/stm32f4xx_hal_cortex.o
                                                  build/stm32f4xx_hal.o
HAL_SYSTICK_IRQHandler                            build/stm32f4xx_hal_cortex.o
HAL_SetTickFreq                                   build/stm32f4xx_hal.o
HAL_SuspendTick                                   build/stm32f4xx_hal.o
HASH_RNG_IRQHandler                               build/startup_stm32f407xx.o
HardFault_Handler                                 build/stm32f4xx_it.o
I2C1_ER_IRQHandler                                build/startup_stm32f407xx.o
I2C1_EV_IRQHandler                                build/startup_stm32f407xx.o
I2C2_ER_IRQHandler                                build/startup_stm32f407xx.o
I2C2_EV_IRQHandler                                build/startup_stm32f407xx.o
I2C3_ER_IRQHandler                                build/startup_stm32f407xx.o
I2C3_EV_IRQHandler                                build/startup_stm32f407xx.o
MX_GPIO_Init                                      build/gpio.o
                                                  build/main.o
MX_USB_DEVICE_Init                                build/usb_device.o
                                                  build/main.o
MemManage_Handler                                 build/stm32f4xx_it.o
NMI_Handler                                       build/stm32f4xx_it.o
OTG_FS_IRQHandler                                 build/stm32f4xx_it.o
OTG_FS_WKUP_IRQHandler                            build/startup_stm32f407xx.o
OTG_HS_EP1_IN_IRQHandler                          build/startup_stm32f407xx.o
OTG_HS_EP1_OUT_IRQHandler                         build/startup_stm32f407xx.o
OTG_HS_IRQHandler                                 build/startup_stm32f407xx.o
OTG_HS_WKUP_IRQHandler                            build/startup_stm32f407xx.o
PVD_IRQHandler                                    build/startup_stm32f407xx.o
PendSV_Handler                                    build/stm32f4xx_it.o
RCC_IRQHandler                                    build/startup_stm32f407xx.o
RTC_Alarm_IRQHandler                              build/startup_stm32f407xx.o
RTC_WKUP_IRQHandler                               build/startup_stm32f407xx.o
Reset_Handler                                     build/startup_stm32f407xx.o
SDIO_IRQHandler                                   build/startup_stm32f407xx.o
SEGGER_RTT_AllocDownBuffer                        build/SEGGER_RTT.o
SEGGER_RTT_AllocUpBuffer                          build/SEGGER_RTT.o
SEGGER_RTT_ConfigDownBuffer                       build/SEGGER_RTT.o
SEGGER_RTT_ConfigUpBuffer                         build/SEGGER_RTT.o
SEGGER_RTT_GetKey                                 build/SEGGER_RTT.o
SEGGER_RTT_HasData                                build/SEGGER_RTT.o
SEGGER_RTT_HasDataUp                              build/SEGGER_RTT.o
SEGGER_RTT_HasKey                                 build/SEGGER_RTT.o
SEGGER_RTT_Init                                   build/SEGGER_RTT.o
SEGGER_RTT_PutChar                                build/SEGGER_RTT.o
SEGGER_RTT_PutCharSkip                            build/SEGGER_RTT.o
SEGGER_RTT_PutCharSkipNoLock                      build/SEGGER_RTT.o
SEGGER_RTT_Read                                   build/SEGGER_RTT.o
SEGGER_RTT_ReadNoLock                             build/SEGGER_RTT.o
SEGGER_RTT_SetFlagsDownBuffer                     build/SEGGER_RTT.o
SEGGER_RTT_SetFlagsUpBuffer                       build/SEGGER_RTT.o
SEGGER_RTT_SetNameDownBuffer                      build/SEGGER_RTT.o
SEGGER_RTT_SetNameUpBuffer                        build/SEGGER_RTT.o
SEGGER_RTT_SetTerminal                            build/SEGGER_RTT.o
SEGGER_RTT_TerminalOut                            build/SEGGER_RTT.o
SEGGER_RTT_WaitKey                                build/SEGGER_RTT.o
SEGGER_RTT_Write                                  build/SEGGER_RTT.o
                                                  build/SEGGER_RTT_printf.o
SEGGER_RTT_WriteNoLock                            build/SEGGER_RTT.o
SEGGER_RTT_WriteSkipNoLock                        build/SEGGER_RTT.o
SEGGER_RTT_WriteString                            build/SEGGER_RTT.o
SEGGER_RTT_WriteWithOverwriteNoLock               build/SEGGER_RTT.o
SEGGER_RTT_printf                                 build/SEGGER_RTT_printf.o
                                                  build/main.o
SEGGER_RTT_vprintf                                build/SEGGER_RTT_printf.o
SPI1_IRQHandler                                   build/startup_stm32f407xx.o
SPI2_IRQHandler                                   build/startup_stm32f407xx.o
SPI3_IRQHandler                                   build/startup_stm32f407xx.o
SVC_Handler                                       build/stm32f4xx_it.o
SysTick_Handler                                   build/stm32f4xx_it.o
SystemClock_Config                                build/main.o
SystemCoreClock                                   build/system_stm32f4xx.o
                                                  build/stm32f4xx_hal.o
                                                  build/stm32f4xx_hal_dma.o
                                                  build/stm32f4xx_hal_rcc_ex.o
                                                  build/stm32f4xx_hal_rcc.o
SystemCoreClockUpdate                             build/system_stm32f4xx.o
SystemInit                                        build/system_stm32f4xx.o
                                                  build/startup_stm32f407xx.o
TAMP_STAMP_IRQHandler                             build/startup_stm32f407xx.o
TIM1_BRK_TIM9_IRQHandler                          build/startup_stm32f407xx.o
TIM1_CC_IRQHandler                                build/startup_stm32f407xx.o
TIM1_TRG_COM_TIM11_IRQHandler                     build/startup_stm32f407xx.o
TIM1_UP_TIM10_IRQHandler                          build/startup_stm32f407xx.o
TIM2_IRQHandler                                   build/startup_stm32f407xx.o
TIM3_IRQHandler                                   build/startup_stm32f407xx.o
TIM4_IRQHandler                                   build/startup_stm32f407xx.o
TIM5_IRQHandler                                   build/startup_stm32f407xx.o
TIM6_DAC_IRQHandler                               build/startup_stm32f407xx.o
TIM7_IRQHandler                                   build/startup_stm32f407xx.o
TIM8_BRK_TIM12_IRQHandler                         build/startup_stm32f407xx.o
TIM8_CC_IRQHandler                                build/startup_stm32f407xx.o
TIM8_TRG_COM_TIM14_IRQHandler                     build/startup_stm32f407xx.o
TIM8_UP_TIM13_IRQHandler                          build/startup_stm32f407xx.o
UART4_IRQHandler                                  build/startup_stm32f407xx.o
UART5_IRQHandler                                  build/startup_stm32f407xx.o
USART1_IRQHandler                                 build/startup_stm32f407xx.o
USART2_IRQHandler                                 build/startup_stm32f407xx.o
USART3_IRQHandler                                 build/startup_stm32f407xx.o
USART6_IRQHandler                                 build/startup_stm32f407xx.o
USBD_CDC                                          build/usbd_cdc.o
                                                  build/usb_device.o
USBD_CDC_GetDeviceQualifierDescriptor             build/usbd_cdc.o
USBD_CDC_ReceivePacket                            build/usbd_cdc.o
                                                  build/usbd_cdc_if.o
USBD_CDC_RegisterInterface                        build/usbd_cdc.o
                                                  build/usb_device.o
USBD_CDC_SetRxBuffer                              build/usbd_cdc.o
                                                  build/usbd_cdc_if.o
USBD_CDC_SetTxBuffer                              build/usbd_cdc.o
                                                  build/usbd_cdc_if.o
USBD_CDC_TransmitPacket                           build/usbd_cdc.o
                                                  build/usbd_cdc_if.o
USBD_ClrClassConfig                               build/usbd_core.o
                                                  build/usbd_ctlreq.o
USBD_CtlContinueRx                                build/usbd_ioreq.o
                                                  build/usbd_core.o
USBD_CtlContinueSendData                          build/usbd_ioreq.o
                                                  build/usbd_core.o
USBD_CtlError                                     build/usbd_ctlreq.o
                                                  build/usbd_cdc.o
USBD_CtlPrepareRx                                 build/usbd_ioreq.o
                                                  build/usbd_cdc.o
USBD_CtlReceiveStatus                             build/usbd_ioreq.o
                                                  build/usbd_core.o
USBD_CtlSendData                                  build/usbd_ioreq.o
                                                  build/usbd_cdc.o
                                                  build/usbd_ctlreq.o
USBD_CtlSendStatus                                build/usbd_ioreq.o
                                                  build/usbd_ctlreq.o
                                                  build/usbd_core.o
USBD_DeInit                                       build/usbd_core.o
USBD_FS_ConfigStrDescriptor                       build/usbd_desc.o
USBD_FS_DeviceDesc                                build/usbd_desc.o
USBD_FS_DeviceDescriptor                          build/usbd_desc.o
USBD_FS_InterfaceStrDescriptor                    build/usbd_desc.o
USBD_FS_LangIDStrDescriptor                       build/usbd_desc.o
USBD_FS_ManufacturerStrDescriptor                 build/usbd_desc.o
USBD_FS_ProductStrDescriptor                      build/usbd_desc.o
USBD_FS_SerialStrDescriptor                       build/usbd_desc.o
USBD_GetRxCount                                   build/usbd_ioreq.o
USBD_GetString                                    build/usbd_ctlreq.o
                                                  build/usbd_desc.o
USBD_Get_USB_Status                               build/usbd_conf.o